<html>
<body>
<pre>
<h1>µVision Build Log</h1>
<h2>Project:</h2>
E:\Work\¾»Ë®Æ÷\WaterClear_RTOSV1.0_Keil4\Project\WaterClear.uvproj
Project File Date:  01/09/2018

<h2>Output:</h2>
compiling main.c...
..\User\main.c(70): warning:  #111-D: statement is unreachable
..\User\main.c:         return 0;
..\User\main.c:         ^
..\User\main.c: ..\User\main.c: 1 warning, 0 errors
..\User\main.c - 0 Error(s), 1 Warning(s).
Build target 'Target 1'
compiling system_HR8P506.c...
compiling hr8p506_iap_table.c...
..\Library\Source\hr8p506_iap_table.c(89): error:  #1113: Inline assembler not permitted when generating Thumb code
..\Library\Source\hr8p506_iap_table.c:                  __ASM("CPSID i");
..\Library\Source\hr8p506_iap_table.c:                  ^
..\Library\Source\hr8p506_iap_table.c: ..\Library\Source\hr8p506_iap_table.c: 0 warnings, 1 error
compiling lib_flashiap.c...
..\Library\Source\lib_flashiap.c(66): error:  #1113: Inline assembler not permitted when generating Thumb code
..\Library\Source\lib_flashiap.c:       __ASM("CPSID i");
..\Library\Source\lib_flashiap.c:       ^
..\Library\Source\lib_flashiap.c: ..\Library\Source\lib_flashiap.c: 0 warnings, 1 error
compiling lib_gpio.c...
compiling lib_scs.c...
compiling lib_scu.c...
compiling lib_timer.c...
compiling lib_uart.c...
compiling lib_wdt.c...
assembling startup_HR8P506.s...
..\StartUp\startup_HR8P506.s(214): warning: A1581W: Added 2 bytes of padding at address 0x1e
..\StartUp\startup_HR8P506.s:   214 00000020     AREA    |.text|, CODE, READONLY     
..\StartUp\startup_HR8P506.s: 0 Errors, 1 Warning
compiling msgbuild.c...
compiling my_systick.c...
compiling water_flow.c...
compiling sim800c.c...
compiling pressure.c...
compiling tds.c...
compiling uart.c...
compiling croutine.c...
compiling event_groups.c...
compiling heap_1.c...
compiling list.c...
compiling queue.c...
compiling tasks.c...
compiling timers.c...
compiling port.c...
Target not created
compiling main.c...
..\User\main.c(70): warning:  #111-D: statement is unreachable
..\User\main.c:         return 0;
..\User\main.c:         ^
..\User\main.c: ..\User\main.c: 1 warning, 0 errors
..\User\main.c - 0 Error(s), 1 Warning(s).
Build target 'Target 1'
compiling hr8p506_iap_table.c...
compiling lib_flashiap.c...
..\Library\Source\lib_flashiap.c(66): error:  #1113: Inline assembler not permitted when generating Thumb code
..\Library\Source\lib_flashiap.c:       __ASM("CPSID i");
..\Library\Source\lib_flashiap.c:       ^
..\Library\Source\lib_flashiap.c: ..\Library\Source\lib_flashiap.c: 0 warnings, 1 error
Target not created
compiling main.c...
..\User\main.c(70): warning:  #111-D: statement is unreachable
..\User\main.c:         return 0;
..\User\main.c:         ^
..\User\main.c: ..\User\main.c: 1 warning, 0 errors
..\User\main.c - 0 Error(s), 1 Warning(s).
Build target 'Target 1'
compiling hr8p506_iap_table.c...
..\Library\Source\hr8p506_iap_table.c(97): warning:  #223-D: function "CPSID_i" declared implicitly
..\Library\Source\hr8p506_iap_table.c:                  CPSID_i();
..\Library\Source\hr8p506_iap_table.c:                  ^
..\Library\Source\hr8p506_iap_table.c(100): warning:  #223-D: function "CPSIE_i" declared implicitly
..\Library\Source\hr8p506_iap_table.c:                  CPSIE_i();
..\Library\Source\hr8p506_iap_table.c:                  ^
..\Library\Source\hr8p506_iap_table.c(115): warning:  #223-D: function "CPSID_i" declared implicitly
..\Library\Source\hr8p506_iap_table.c:                  CPSID_i();
..\Library\Source\hr8p506_iap_table.c:                  ^
..\Library\Source\hr8p506_iap_table.c(118): warning:  #223-D: function "CPSIE_i" declared implicitly
..\Library\Source\hr8p506_iap_table.c:                  CPSIE_i();
..\Library\Source\hr8p506_iap_table.c:                  ^
..\Library\Source\hr8p506_iap_table.c(137): warning:  #223-D: function "CPSID_i" declared implicitly
..\Library\Source\hr8p506_iap_table.c:                  CPSID_i();
..\Library\Source\hr8p506_iap_table.c:                  ^
..\Library\Source\hr8p506_iap_table.c(140): warning:  #223-D: function "CPSIE_i" declared implicitly
..\Library\Source\hr8p506_iap_table.c:                  CPSIE_i();
..\Library\Source\hr8p506_iap_table.c:                  ^
..\Library\Source\hr8p506_iap_table.c: ..\Library\Source\hr8p506_iap_table.c: 6 warnings, 0 errors
compiling lib_flashiap.c...
..\Library\Source\lib_flashiap.c(66): error:  #1113: Inline assembler not permitted when generating Thumb code
..\Library\Source\lib_flashiap.c:       __ASM("CPSID i");
..\Library\Source\lib_flashiap.c:       ^
..\Library\Source\lib_flashiap.c: ..\Library\Source\lib_flashiap.c: 0 warnings, 1 error
assembling startup_HR8P506.s...
..\StartUp\startup_HR8P506.s(224): warning: A1581W: Added 2 bytes of padding at address 0x22
..\StartUp\startup_HR8P506.s:   224 00000024     AREA    |.text|, CODE, READONLY     
..\StartUp\startup_HR8P506.s: 0 Errors, 1 Warning
Target not created
compiling main.c...
..\CMSIS\HR8P506.h(3727): warning:  #1295-D: Deprecated declaration CPSID_i - give arg types
..\CMSIS\HR8P506.h:   extern void       CPSID_i();
..\CMSIS\HR8P506.h:                     ^
..\CMSIS\HR8P506.h(3728): warning:  #1295-D: Deprecated declaration CPSIE_i - give arg types
..\CMSIS\HR8P506.h:   extern void       CPSIE_i();
..\CMSIS\HR8P506.h:                     ^
..\User\main.c(70): warning:  #111-D: statement is unreachable
..\User\main.c:         return 0;
..\User\main.c:         ^
..\User\main.c: ..\User\main.c: 3 warnings, 0 errors
..\User\main.c - 0 Error(s), 3 Warning(s).
Build target 'Target 1'
compiling system_HR8P506.c...
..\CMSIS\HR8P506.h(3727): warning:  #1295-D: Deprecated declaration CPSID_i - give arg types
..\CMSIS\HR8P506.h:   extern void       CPSID_i();
..\CMSIS\HR8P506.h:                     ^
..\CMSIS\HR8P506.h(3728): warning:  #1295-D: Deprecated declaration CPSIE_i - give arg types
..\CMSIS\HR8P506.h:   extern void       CPSIE_i();
..\CMSIS\HR8P506.h:                     ^
..\CMSIS\HR8P506.h: ..\CMSIS\system_HR8P506.c: 2 warnings, 0 errors
compiling hr8p506_iap_table.c...
..\CMSIS\HR8P506.h(3727): warning:  #1295-D: Deprecated declaration CPSID_i - give arg types
..\CMSIS\HR8P506.h:   extern void       CPSID_i();
..\CMSIS\HR8P506.h:                     ^
..\CMSIS\HR8P506.h(3728): warning:  #1295-D: Deprecated declaration CPSIE_i - give arg types
..\CMSIS\HR8P506.h:   extern void       CPSIE_i();
..\CMSIS\HR8P506.h:                     ^
..\CMSIS\HR8P506.h: ..\Library\Source\hr8p506_iap_table.c: 2 warnings, 0 errors
compiling lib_flashiap.c...
..\CMSIS\HR8P506.h(3727): warning:  #1295-D: Deprecated declaration CPSID_i - give arg types
..\CMSIS\HR8P506.h:   extern void       CPSID_i();
..\CMSIS\HR8P506.h:                     ^
..\CMSIS\HR8P506.h(3728): warning:  #1295-D: Deprecated declaration CPSIE_i - give arg types
..\CMSIS\HR8P506.h:   extern void       CPSIE_i();
..\CMSIS\HR8P506.h:                     ^
..\Library\Source\lib_flashiap.c(66): error:  #1113: Inline assembler not permitted when generating Thumb code
..\Library\Source\lib_flashiap.c:       __ASM("CPSID i");
..\Library\Source\lib_flashiap.c:       ^
..\Library\Source\lib_flashiap.c: ..\Library\Source\lib_flashiap.c: 2 warnings, 1 error
compiling lib_gpio.c...
..\CMSIS\HR8P506.h(3727): warning:  #1295-D: Deprecated declaration CPSID_i - give arg types
..\CMSIS\HR8P506.h:   extern void       CPSID_i();
..\CMSIS\HR8P506.h:                     ^
..\CMSIS\HR8P506.h(3728): warning:  #1295-D: Deprecated declaration CPSIE_i - give arg types
..\CMSIS\HR8P506.h:   extern void       CPSIE_i();
..\CMSIS\HR8P506.h:                     ^
..\CMSIS\HR8P506.h: ..\Library\Source\lib_gpio.c: 2 warnings, 0 errors
compiling lib_scs.c...
..\CMSIS\HR8P506.h(3727): warning:  #1295-D: Deprecated declaration CPSID_i - give arg types
..\CMSIS\HR8P506.h:   extern void       CPSID_i();
..\CMSIS\HR8P506.h:                     ^
..\CMSIS\HR8P506.h(3728): warning:  #1295-D: Deprecated declaration CPSIE_i - give arg types
..\CMSIS\HR8P506.h:   extern void       CPSIE_i();
..\CMSIS\HR8P506.h:                     ^
..\CMSIS\HR8P506.h: ..\Library\Source\lib_scs.c: 2 warnings, 0 errors
compiling lib_scu.c...
..\CMSIS\HR8P506.h(3727): warning:  #1295-D: Deprecated declaration CPSID_i - give arg types
..\CMSIS\HR8P506.h:   extern void       CPSID_i();
..\CMSIS\HR8P506.h:                     ^
..\CMSIS\HR8P506.h(3728): warning:  #1295-D: Deprecated declaration CPSIE_i - give arg types
..\CMSIS\HR8P506.h:   extern void       CPSIE_i();
..\CMSIS\HR8P506.h:                     ^
..\CMSIS\HR8P506.h: ..\Library\Source\lib_scu.c: 2 warnings, 0 errors
compiling lib_timer.c...
..\CMSIS\HR8P506.h(3727): warning:  #1295-D: Deprecated declaration CPSID_i - give arg types
..\CMSIS\HR8P506.h:   extern void       CPSID_i();
..\CMSIS\HR8P506.h:                     ^
..\CMSIS\HR8P506.h(3728): warning:  #1295-D: Deprecated declaration CPSIE_i - give arg types
..\CMSIS\HR8P506.h:   extern void       CPSIE_i();
..\CMSIS\HR8P506.h:                     ^
..\CMSIS\HR8P506.h: ..\Library\Source\lib_timer.c: 2 warnings, 0 errors
compiling lib_uart.c...
..\CMSIS\HR8P506.h(3727): warning:  #1295-D: Deprecated declaration CPSID_i - give arg types
..\CMSIS\HR8P506.h:   extern void       CPSID_i();
..\CMSIS\HR8P506.h:                     ^
..\CMSIS\HR8P506.h(3728): warning:  #1295-D: Deprecated declaration CPSIE_i - give arg types
..\CMSIS\HR8P506.h:   extern void       CPSIE_i();
..\CMSIS\HR8P506.h:                     ^
..\CMSIS\HR8P506.h: ..\Library\Source\lib_uart.c: 2 warnings, 0 errors
compiling lib_wdt.c...
..\CMSIS\HR8P506.h(3727): warning:  #1295-D: Deprecated declaration CPSID_i - give arg types
..\CMSIS\HR8P506.h:   extern void       CPSID_i();
..\CMSIS\HR8P506.h:                     ^
..\CMSIS\HR8P506.h(3728): warning:  #1295-D: Deprecated declaration CPSIE_i - give arg types
..\CMSIS\HR8P506.h:   extern void       CPSIE_i();
..\CMSIS\HR8P506.h:                     ^
..\CMSIS\HR8P506.h: ..\Library\Source\lib_wdt.c: 2 warnings, 0 errors
assembling startup_HR8P506.s...
..\StartUp\startup_HR8P506.s(226): warning: A1581W: Added 2 bytes of padding at address 0x26
..\StartUp\startup_HR8P506.s:   226 00000028     AREA    |.text|, CODE, READONLY     
..\StartUp\startup_HR8P506.s: 0 Errors, 1 Warning
compiling msgbuild.c...
..\CMSIS\HR8P506.h(3727): warning:  #1295-D: Deprecated declaration CPSID_i - give arg types
..\CMSIS\HR8P506.h:   extern void       CPSID_i();
..\CMSIS\HR8P506.h:                     ^
..\CMSIS\HR8P506.h(3728): warning:  #1295-D: Deprecated declaration CPSIE_i - give arg types
..\CMSIS\HR8P506.h:   extern void       CPSIE_i();
..\CMSIS\HR8P506.h:                     ^
..\CMSIS\HR8P506.h: ..\User\msgbuild.c: 2 warnings, 0 errors
compiling my_systick.c...
..\CMSIS\HR8P506.h(3727): warning:  #1295-D: Deprecated declaration CPSID_i - give arg types
..\CMSIS\HR8P506.h:   extern void       CPSID_i();
..\CMSIS\HR8P506.h:                     ^
..\CMSIS\HR8P506.h(3728): warning:  #1295-D: Deprecated declaration CPSIE_i - give arg types
..\CMSIS\HR8P506.h:   extern void       CPSIE_i();
..\CMSIS\HR8P506.h:                     ^
..\CMSIS\HR8P506.h: ..\User\my_systick.c: 2 warnings, 0 errors
compiling water_flow.c...
..\CMSIS\HR8P506.h(3727): warning:  #1295-D: Deprecated declaration CPSID_i - give arg types
..\CMSIS\HR8P506.h:   extern void       CPSID_i();
..\CMSIS\HR8P506.h:                     ^
..\CMSIS\HR8P506.h(3728): warning:  #1295-D: Deprecated declaration CPSIE_i - give arg types
..\CMSIS\HR8P506.h:   extern void       CPSIE_i();
..\CMSIS\HR8P506.h:                     ^
..\CMSIS\HR8P506.h: ..\Hardware\Flow\water_flow.c: 2 warnings, 0 errors
compiling sim800c.c...
..\CMSIS\HR8P506.h(3727): warning:  #1295-D: Deprecated declaration CPSID_i - give arg types
..\CMSIS\HR8P506.h:   extern void       CPSID_i();
..\CMSIS\HR8P506.h:                     ^
..\CMSIS\HR8P506.h(3728): warning:  #1295-D: Deprecated declaration CPSIE_i - give arg types
..\CMSIS\HR8P506.h:   extern void       CPSIE_i();
..\CMSIS\HR8P506.h:                     ^
..\CMSIS\HR8P506.h: ..\Hardware\GSM\sim800c.c: 2 warnings, 0 errors
compiling pressure.c...
..\CMSIS\HR8P506.h(3727): warning:  #1295-D: Deprecated declaration CPSID_i - give arg types
..\CMSIS\HR8P506.h:   extern void       CPSID_i();
..\CMSIS\HR8P506.h:                     ^
..\CMSIS\HR8P506.h(3728): warning:  #1295-D: Deprecated declaration CPSIE_i - give arg types
..\CMSIS\HR8P506.h:   extern void       CPSIE_i();
..\CMSIS\HR8P506.h:                     ^
..\CMSIS\HR8P506.h: ..\Hardware\Pressure\pressure.c: 2 warnings, 0 errors
compiling tds.c...
..\CMSIS\HR8P506.h(3727): warning:  #1295-D: Deprecated declaration CPSID_i - give arg types
..\CMSIS\HR8P506.h:   extern void       CPSID_i();
..\CMSIS\HR8P506.h:                     ^
..\CMSIS\HR8P506.h(3728): warning:  #1295-D: Deprecated declaration CPSIE_i - give arg types
..\CMSIS\HR8P506.h:   extern void       CPSIE_i();
..\CMSIS\HR8P506.h:                     ^
..\CMSIS\HR8P506.h: ..\Hardware\TDS\tds.c: 2 warnings, 0 errors
compiling uart.c...
..\CMSIS\HR8P506.h(3727): warning:  #1295-D: Deprecated declaration CPSID_i - give arg types
..\CMSIS\HR8P506.h:   extern void       CPSID_i();
..\CMSIS\HR8P506.h:                     ^
..\CMSIS\HR8P506.h(3728): warning:  #1295-D: Deprecated declaration CPSIE_i - give arg types
..\CMSIS\HR8P506.h:   extern void       CPSIE_i();
..\CMSIS\HR8P506.h:                     ^
..\CMSIS\HR8P506.h: ..\Hardware\Uart\uart.c: 2 warnings, 0 errors
Target not created
compiling main.c...
..\CMSIS\HR8P506.h(3727): warning:  #1295-D: Deprecated declaration CPSID_i - give arg types
..\CMSIS\HR8P506.h:   extern void       CPSID_i();
..\CMSIS\HR8P506.h:                     ^
..\CMSIS\HR8P506.h(3728): warning:  #1295-D: Deprecated declaration CPSIE_i - give arg types
..\CMSIS\HR8P506.h:   extern void       CPSIE_i();
..\CMSIS\HR8P506.h:                     ^
..\User\main.c(70): warning:  #111-D: statement is unreachable
..\User\main.c:         return 0;
..\User\main.c:         ^
..\User\main.c: ..\User\main.c: 3 warnings, 0 errors
..\User\main.c - 0 Error(s), 3 Warning(s).
compiling main.c...
..\User\main.c(70): warning:  #111-D: statement is unreachable
..\User\main.c:         return 0;
..\User\main.c:         ^
..\User\main.c: ..\User\main.c: 1 warning, 0 errors
..\User\main.c - 0 Error(s), 1 Warning(s).
Build target 'Target 1'
compiling system_HR8P506.c...
compiling hr8p506_iap_table.c...
compiling lib_flashiap.c...
..\Library\Source\lib_flashiap.c(66): error:  #1113: Inline assembler not permitted when generating Thumb code
..\Library\Source\lib_flashiap.c:       __ASM("CPSID i");
..\Library\Source\lib_flashiap.c:       ^
..\Library\Source\lib_flashiap.c: ..\Library\Source\lib_flashiap.c: 0 warnings, 1 error
compiling lib_gpio.c...
compiling lib_scs.c...
compiling lib_scu.c...
compiling lib_timer.c...
compiling lib_uart.c...
compiling lib_wdt.c...
assembling startup_HR8P506.s...
..\StartUp\startup_HR8P506.s(226): warning: A1581W: Added 2 bytes of padding at address 0x26
..\StartUp\startup_HR8P506.s:   226 00000028     AREA    |.text|, CODE, READONLY     
..\StartUp\startup_HR8P506.s: 0 Errors, 1 Warning
compiling msgbuild.c...
compiling my_systick.c...
compiling water_flow.c...
compiling sim800c.c...
compiling pressure.c...
compiling tds.c...
compiling uart.c...
compiling croutine.c...
compiling event_groups.c...
compiling heap_1.c...
compiling list.c...
compiling queue.c...
compiling tasks.c...
compiling timers.c...
compiling port.c...
Target not created
compiling main.c...
..\User\main.c(70): warning:  #111-D: statement is unreachable
..\User\main.c:         return 0;
..\User\main.c:         ^
..\User\main.c: ..\User\main.c: 1 warning, 0 errors
..\User\main.c - 0 Error(s), 1 Warning(s).
Build target 'Target 1'
compiling lib_flashiap.c...
..\Library\Source\lib_flashiap.c(101): error:  #1113: Inline assembler not permitted when generating Thumb code
..\Library\Source\lib_flashiap.c:       __ASM("CPSIE i");
..\Library\Source\lib_flashiap.c:       ^
..\Library\Source\lib_flashiap.c: ..\Library\Source\lib_flashiap.c: 0 warnings, 1 error
Target not created
compiling main.c...
..\User\main.c(70): warning:  #111-D: statement is unreachable
..\User\main.c:         return 0;
..\User\main.c:         ^
..\User\main.c: ..\User\main.c: 1 warning, 0 errors
..\User\main.c - 0 Error(s), 1 Warning(s).
Build target 'Target 1'
compiling lib_flashiap.c...
..\Library\Source\lib_flashiap.c(157): error:  #1113: Inline assembler not permitted when generating Thumb code
..\Library\Source\lib_flashiap.c:       __asm__("CPSID i");
..\Library\Source\lib_flashiap.c:       ^
..\Library\Source\lib_flashiap.c: ..\Library\Source\lib_flashiap.c: 0 warnings, 1 error
Target not created
compiling main.c...
..\User\main.c(70): warning:  #111-D: statement is unreachable
..\User\main.c:         return 0;
..\User\main.c:         ^
..\User\main.c: ..\User\main.c: 1 warning, 0 errors
..\User\main.c - 0 Error(s), 1 Warning(s).
Build target 'Target 1'
compiling lib_flashiap.c...
..\Library\Source\lib_flashiap.c(174): error:  #1113: Inline assembler not permitted when generating Thumb code
..\Library\Source\lib_flashiap.c:       __ASM("CPSIE i");
..\Library\Source\lib_flashiap.c:       ^
..\Library\Source\lib_flashiap.c: ..\Library\Source\lib_flashiap.c: 0 warnings, 1 error
Target not created
compiling main.c...
..\User\main.c(70): warning:  #111-D: statement is unreachable
..\User\main.c:         return 0;
..\User\main.c:         ^
..\User\main.c: ..\User\main.c: 1 warning, 0 errors
..\User\main.c - 0 Error(s), 1 Warning(s).
Build target 'Target 1'
compiling lib_flashiap.c...
*** Error: Referred Memory Range 'ROM1' is undefined.
Target not created
compiling main.c...
..\User\main.c(70): warning:  #111-D: statement is unreachable
..\User\main.c:         return 0;
..\User\main.c:         ^
..\User\main.c: ..\User\main.c: 1 warning, 0 errors
..\User\main.c - 0 Error(s), 1 Warning(s).
Build target 'Target 1'
linking...
Program Size: Code=23988 RO-data=308 RW-data=352 ZI-data=4536  
FromELF: creating hex file...
"..\Output\WaterClear.axf" - 0 Error(s), 0 Warning(s).
