Component: ARM Compiler 5.06 update 1 (build 61) Tool: armlink [4d35a8]

==============================================================================

Section Cross References

    system_hr8p506.o(i.SystemInit) refers to lib_wdt.o(i.WDT_Init) for WDT_Init
    hr8p506_iap_table.o(i.IAP_PageErase) refers to startup_hr8p506.o(.text) for CPSID_i
    hr8p506_iap_table.o(i.IAP_PageProgram) refers to startup_hr8p506.o(.text) for CPSID_i
    hr8p506_iap_table.o(i.IAP_WordProgram) refers to startup_hr8p506.o(.text) for CPSID_i
    lib_flashiap.o(i.IAP_ErasePage) refers to startup_hr8p506.o(.text) for CPSID_i
    lib_flashiap.o(i.IAP_ErasePage) refers to lib_flashiap.o(i.IAP_Unlock) for IAP_Unlock
    lib_flashiap.o(i.IAP_ErasePage) refers to lib_flashiap.o(i.__set_PRIMASK) for __set_PRIMASK
    lib_flashiap.o(i.IAP_ErasePage) refers to lib_flashiap.o(i.IAP_WriteEnd) for IAP_WriteEnd
    lib_flashiap.o(i.IAP_WriteWord) refers to startup_hr8p506.o(.text) for CPSID_i
    lib_flashiap.o(i.IAP_WriteWord) refers to lib_flashiap.o(i.IAP_Unlock) for IAP_Unlock
    lib_flashiap.o(i.IAP_WriteWord) refers to lib_flashiap.o(i.IAP_WriteCont) for IAP_WriteCont
    lib_flashiap.o(i.IAP_WriteWord) refers to lib_flashiap.o(i.IAP_WriteEnd) for IAP_WriteEnd
    lib_flashiap.o(i.IAP_WriteWord) refers to lib_flashiap.o(i.__set_PRIMASK) for __set_PRIMASK
    lib_flashiap.o(i.Save_To_EPROM) refers to lib_flashiap.o(i.IAP_WriteWord) for IAP_WriteWord
    lib_flashiap.o(i.Save_To_EPROM) refers to main.o(.bss) for EPROM
    lib_gpio.o(i.GPIO_GetNormalBitOffsetFromPin) refers to lib_gpio.o(i.__ARM_common_switch8) for __ARM_common_switch8
    lib_gpio.o(i.GPIO_Init) refers to lib_gpio.o(i.GPIO_SetSingalTypeFromPin) for GPIO_SetSingalTypeFromPin
    lib_gpio.o(i.GPIO_Init) refers to lib_gpio.o(i.GPIO_SetDirRegFromPin) for GPIO_SetDirRegFromPin
    lib_gpio.o(i.GPIO_Init) refers to lib_gpio.o(i.GPIO_SetFuncxRegFromPin) for GPIO_SetFuncxRegFromPin
    lib_gpio.o(i.GPIO_Init) refers to lib_gpio.o(i.GPIO_SetODERegFromPin) for GPIO_SetODERegFromPin
    lib_gpio.o(i.GPIO_Init) refers to lib_gpio.o(i.GPIO_SetDSRegFromPin) for GPIO_SetDSRegFromPin
    lib_gpio.o(i.GPIO_Init) refers to lib_gpio.o(i.GPIO_SetPUERegFromPin) for GPIO_SetPUERegFromPin
    lib_gpio.o(i.GPIO_Init) refers to lib_gpio.o(i.GPIO_SetPDERegFromPin) for GPIO_SetPDERegFromPin
    lib_gpio.o(i.GPIO_ReadBit) refers to lib_gpio.o(i.GPIO_GetNormalBitOffsetFromPin) for GPIO_GetNormalBitOffsetFromPin
    lib_gpio.o(i.GPIO_ResetBit) refers to lib_gpio.o(i.GPIO_GetNormalBitOffsetFromPin) for GPIO_GetNormalBitOffsetFromPin
    lib_gpio.o(i.GPIO_SetBit) refers to lib_gpio.o(i.GPIO_GetNormalBitOffsetFromPin) for GPIO_GetNormalBitOffsetFromPin
    lib_gpio.o(i.GPIO_SetDSRegFromPin) refers to lib_gpio.o(i.GPIO_GetNormalBitOffsetFromPin) for GPIO_GetNormalBitOffsetFromPin
    lib_gpio.o(i.GPIO_SetDirRegFromPin) refers to lib_gpio.o(i.GPIO_GetNormalBitOffsetFromPin) for GPIO_GetNormalBitOffsetFromPin
    lib_gpio.o(i.GPIO_SetFuncxRegFromPin) refers to lib_gpio.o(i.__ARM_common_switch8) for __ARM_common_switch8
    lib_gpio.o(i.GPIO_SetODERegFromPin) refers to lib_gpio.o(i.GPIO_GetNormalBitOffsetFromPin) for GPIO_GetNormalBitOffsetFromPin
    lib_gpio.o(i.GPIO_SetPDERegFromPin) refers to lib_gpio.o(i.GPIO_GetNormalBitOffsetFromPin) for GPIO_GetNormalBitOffsetFromPin
    lib_gpio.o(i.GPIO_SetPUERegFromPin) refers to lib_gpio.o(i.GPIO_GetNormalBitOffsetFromPin) for GPIO_GetNormalBitOffsetFromPin
    lib_gpio.o(i.GPIO_SetSingalTypeFromPin) refers to lib_gpio.o(i.GPIO_GetNormalBitOffsetFromPin) for GPIO_GetNormalBitOffsetFromPin
    lib_gpio.o(i.GPIO_ToggleBit) refers to lib_gpio.o(i.GPIO_GetNormalBitOffsetFromPin) for GPIO_GetNormalBitOffsetFromPin
    lib_gpio.o(i.GPIO_WriteBit) refers to lib_gpio.o(i.GPIO_GetNormalBitOffsetFromPin) for GPIO_GetNormalBitOffsetFromPin
    lib_gpio.o(i.KINT_ClearITFlag) refers to lib_gpio.o(i.KINT_GetKINTxIndexFromPin) for KINT_GetKINTxIndexFromPin
    lib_gpio.o(i.KINT_GetITFlag) refers to lib_gpio.o(i.KINT_GetKINTxIndexFromPin) for KINT_GetKINTxIndexFromPin
    lib_gpio.o(i.KINT_GetKINTxIndexFromPin) refers to lib_gpio.o(i.__ARM_common_switch8) for __ARM_common_switch8
    lib_gpio.o(i.KINT_GetSelxIndexFromPin) refers to lib_gpio.o(i.__ARM_common_switch8) for __ARM_common_switch8
    lib_gpio.o(i.KINT_Init) refers to lib_gpio.o(i.KINT_SetTriggerStyleFromPin) for KINT_SetTriggerStyleFromPin
    lib_gpio.o(i.KINT_Init) refers to lib_gpio.o(i.KINT_SetEnableOrNotFromPin) for KINT_SetEnableOrNotFromPin
    lib_gpio.o(i.KINT_SetEnableOrNotFromPin) refers to lib_gpio.o(i.KINT_GetKINTxIndexFromPin) for KINT_GetKINTxIndexFromPin
    lib_gpio.o(i.KINT_SetEnableOrNotFromPin) refers to lib_gpio.o(i.KINT_GetSelxIndexFromPin) for KINT_GetSelxIndexFromPin
    lib_gpio.o(i.KINT_SetTriggerStyleFromPin) refers to lib_gpio.o(i.KINT_GetKINTxIndexFromPin) for KINT_GetKINTxIndexFromPin
[...]
    i.GSM_SMS_RCV                            0x00001744   Section        0  sim800c.o(i.GSM_SMS_RCV)
    i.GSM_TCPC_INIT                          0x00001890   Section        0  sim800c.o(i.GSM_TCPC_INIT)
    i.GSM_TCP_Connect                        0x000018b0   Section        0  sim800c.o(i.GSM_TCP_Connect)
    i.HardWare_Init                          0x0000199c   Section        0  main.o(i.HardWare_Init)
    i.NVIC_Init                              0x000019b4   Section        0  lib_scs.o(i.NVIC_Init)
    i.SysTick_IRQHandler                     0x00001a18   Section        0  port.o(i.SysTick_IRQHandler)
    i.SystemInit                             0x00001a54   Section        0  system_hr8p506.o(i.SystemInit)
    i.T16N2_IRQHandler                       0x00001a90   Section        0  tds.o(i.T16N2_IRQHandler)
    i.T16Nx_ClearITPendingBit                0x00001ad8   Section        0  lib_timer.o(i.T16Nx_ClearITPendingBit)
    i.T16Nx_Disable                          0x00001adc   Section        0  lib_timer.o(i.T16Nx_Disable)
    i.T16Nx_Enable                           0x00001ae6   Section        0  lib_timer.o(i.T16Nx_Enable)
    i.T16Nx_GetFlagStatus                    0x00001af2   Section        0  lib_timer.o(i.T16Nx_GetFlagStatus)
    i.TCP_Connected                          0x00001b08   Section        0  sim800c.o(i.TCP_Connected)
    i.TCP_Recieve                            0x00001b40   Section        0  sim800c.o(i.TCP_Recieve)
    i.UART0Init                              0x00001bf4   Section        0  uart.o(i.UART0Init)
    i.UART0Putch                             0x00001c98   Section        0  uart.o(i.UART0Putch)
    i.UART0Write_Str                         0x00001cb4   Section        0  uart.o(i.UART0Write_Str)
    i.UART0_IRQHandler                       0x00001d08   Section        0  uart.o(i.UART0_IRQHandler)
    i.UART0_Recieve                          0x00001e34   Section        0  uart.o(i.UART0_Recieve)
    i.UART1Init                              0x00001ec8   Section        0  uart.o(i.UART1Init)
    i.UART1Putch                             0x00001f4c   Section        0  uart.o(i.UART1Putch)
    i.UART1Write_Str                         0x00001f68   Section        0  uart.o(i.UART1Write_Str)
    i.UART_GetFlagStatus                     0x00001f90   Section        0  lib_uart.o(i.UART_GetFlagStatus)
    i.UART_GetITStatus                       0x00001fa0   Section        0  lib_uart.o(i.UART_GetITStatus)
    i.UART_ITConfig                          0x00001fb0   Section        0  lib_uart.o(i.UART_ITConfig)
    i.UART_Init                              0x00001fc4   Section        0  lib_uart.o(i.UART_Init)
    i.UART_RBIMConfig                        0x0000212c   Section        0  lib_uart.o(i.UART_RBIMConfig)
    i.UART_TBIMConfig                        0x00002140   Section        0  lib_uart.o(i.UART_TBIMConfig)
    i.WDT_Init                               0x00002150   Section        0  lib_wdt.o(i.WDT_Init)
    i.__ARM_common_switch8                   0x000021c0   Section        0  lib_gpio.o(i.__ARM_common_switch8)
    i.check_ststus                           0x000021dc   Section        0  uart.o(i.check_ststus)
    i.clear_RCV_Buffer                       0x00002270   Section        0  uart.o(i.clear_RCV_Buffer)
    i.control_Function                       0x00002288   Section        0  msgbuild.o(i.control_Function)
    i.delay_nms                              0x00002350   Section        0  my_systick.o(i.delay_nms)
    i.get_Flow                               0x0000235c   Section        0  water_flow.o(i.get_Flow)
    i.get_Fre1                               0x00002360   Section        0  tds.o(i.get_Fre1)
    i.get_IMEI                               0x000023c4   Section        0  sim800c.o(i.get_IMEI)
    i.get_MSG                                0x00002444   Section        0  uart.o(i.get_MSG)
    i.get_NByte                              0x000024d8   Section        0  uart.o(i.get_NByte)
    i.get_TDS                                0x00002544   Section        0  tds.o(i.get_TDS)
    i.hard_Delaynms                          0x00002640   Section        0  my_systick.o(i.hard_Delaynms)
    i.high_Pressure                          0x00002654   Section        0  msgbuild.o(i.high_Pressure)
    i.low_Pressure                           0x0000266c   Section        0  msgbuild.o(i.low_Pressure)
    i.main                                   0x00002684   Section        0  main.o(i.main)
    i.msg_Build                              0x00002708   Section        0  msgbuild.o(i.msg_Build)
    i.msg_Deal                               0x00002820   Section        0  msgbuild.o(i.msg_Deal)
    i.prvAddCurrentTaskToDelayedList         0x00002a74   Section        0  tasks.o(i.prvAddCurrentTaskToDelayedList)
    prvAddCurrentTaskToDelayedList           0x00002a75   Thumb Code   100  tasks.o(i.prvAddCurrentTaskToDelayedList)
    i.prvAddNewTaskToReadyList               0x00002af0   Section        0  tasks.o(i.prvAddNewTaskToReadyList)
    prvAddNewTaskToReadyList                 0x00002af1   Thumb Code   146  tasks.o(i.prvAddNewTaskToReadyList)
    i.prvCheckForValidListAndQueue           0x00002b9c   Section        0  timers.o(i.prvCheckForValidListAndQueue)
    prvCheckForValidListAndQueue             0x00002b9d   Thumb Code    76  timers.o(i.prvCheckForValidListAndQueue)
    i.prvCheckTasksWaitingTermination        0x00002c04   Section        0  tasks.o(i.prvCheckTasksWaitingTermination)
    prvCheckTasksWaitingTermination          0x00002c05   Thumb Code    90  tasks.o(i.prvCheckTasksWaitingTermination)
    i.prvCopyDataFromQueue                   0x00002c6c   Section        0  queue.o(i.prvCopyDataFromQueue)
    prvCopyDataFromQueue                     0x00002c6d   Thumb Code    44  queue.o(i.prvCopyDataFromQueue)
    i.prvCopyDataToQueue                     0x00002c98   Section        0  queue.o(i.prvCopyDataToQueue)
    prvCopyDataToQueue                       0x00002c99   Thumb Code   128  queue.o(i.prvCopyDataToQueue)
    i.prvDeleteTCB                           0x00002d18   Section        0  tasks.o(i.prvDeleteTCB)
    prvDeleteTCB                             0x00002d19   Thumb Code    18  tasks.o(i.prvDeleteTCB)
    i.prvGetNextExpireTime                   0x00002d2c   Section        0  timers.o(i.prvGetNextExpireTime)
    prvGetNextExpireTime                     0x00002d2d   Thumb Code    40  timers.o(i.prvGetNextExpireTime)
    i.prvIdleTask                            0x00002d58   Section        0  tasks.o(i.prvIdleTask)
    prvIdleTask                              0x00002d59   Thumb Code    20  tasks.o(i.prvIdleTask)
    i.prvInitialiseNewQueue                  0x00002d70   Section        0  queue.o(i.prvInitialiseNewQueue)
    prvInitialiseNewQueue                    0x00002d71   Thumb Code    44  queue.o(i.prvInitialiseNewQueue)
    i.prvInitialiseNewTask                   0x00002d9c   Section        0  tasks.o(i.prvInitialiseNewTask)
    prvInitialiseNewTask                     0x00002d9d   Thumb Code   176  tasks.o(i.prvInitialiseNewTask)
    i.prvInitialiseNewTimer                  0x00002e4c   Section        0  timers.o(i.prvInitialiseNewTimer)
    prvInitialiseNewTimer                    0x00002e4d   Thumb Code    64  timers.o(i.prvInitialiseNewTimer)
    i.prvInitialiseTaskLists                 0x00002e8c   Section        0  tasks.o(i.prvInitialiseTaskLists)
    prvInitialiseTaskLists                   0x00002e8d   Thumb Code    68  tasks.o(i.prvInitialiseTaskLists)
    i.prvInsertTimerInActiveList             0x00002ef0   Section        0  timers.o(i.prvInsertTimerInActiveList)
    prvInsertTimerInActiveList               0x00002ef1   Thumb Code    76  timers.o(i.prvInsertTimerInActiveList)
    i.prvIsQueueEmpty                        0x00002f44   Section        0  queue.o(i.prvIsQueueEmpty)
    prvIsQueueEmpty                          0x00002f45   Thumb Code    28  queue.o(i.prvIsQueueEmpty)
    i.prvIsQueueFull                         0x00002f60   Section        0  queue.o(i.prvIsQueueFull)
    prvIsQueueFull                           0x00002f61   Thumb Code    30  queue.o(i.prvIsQueueFull)
    i.prvProcessExpiredTimer                 0x00002f80   Section        0  timers.o(i.prvProcessExpiredTimer)
    prvProcessExpiredTimer                   0x00002f81   Thumb Code    82  timers.o(i.prvProcessExpiredTimer)
    i.prvProcessReceivedCommands             0x00002fd8   Section        0  timers.o(i.prvProcessReceivedCommands)
    prvProcessReceivedCommands               0x00002fd9   Thumb Code   222  timers.o(i.prvProcessReceivedCommands)
    i.prvProcessTimerOrBlockTask             0x000030bc   Section        0  timers.o(i.prvProcessTimerOrBlockTask)
    prvProcessTimerOrBlockTask               0x000030bd   Thumb Code   100  timers.o(i.prvProcessTimerOrBlockTask)
    i.prvResetNextTaskUnblockTime            0x00003128   Section        0  tasks.o(i.prvResetNextTaskUnblockTime)
    prvResetNextTaskUnblockTime              0x00003129   Thumb Code    46  tasks.o(i.prvResetNextTaskUnblockTime)
    i.prvSampleTimeNow                       0x00003160   Section        0  timers.o(i.prvSampleTimeNow)
    prvSampleTimeNow                         0x00003161   Thumb Code    40  timers.o(i.prvSampleTimeNow)
    i.prvSetupTimerInterrupt                 0x0000318c   Section        0  port.o(i.prvSetupTimerInterrupt)
    prvSetupTimerInterrupt                   0x0000318d   Thumb Code    26  port.o(i.prvSetupTimerInterrupt)
    i.prvSwitchTimerLists                    0x000031b0   Section        0  timers.o(i.prvSwitchTimerLists)
    prvSwitchTimerLists                      0x000031b1   Thumb Code   134  timers.o(i.prvSwitchTimerLists)
    i.prvTaskExitError                       0x00003240   Section        0  port.o(i.prvTaskExitError)
    prvTaskExitError                         0x00003241   Thumb Code    32  port.o(i.prvTaskExitError)
    i.prvTimerTask                           0x00003264   Section        0  timers.o(i.prvTimerTask)
    prvTimerTask                             0x00003265   Thumb Code    26  timers.o(i.prvTimerTask)
    i.prvUnlockQueue                         0x0000327e   Section        0  queue.o(i.prvUnlockQueue)
    prvUnlockQueue                           0x0000327f   Thumb Code   142  queue.o(i.prvUnlockQueue)
    i.pvPortMalloc                           0x0000330c   Section        0  heap_1.o(i.pvPortMalloc)
    i.pvTaskIncrementMutexHeldCount          0x00003380   Section        0  tasks.o(i.pvTaskIncrementMutexHeldCount)
    i.pxPortInitialiseStack                  0x000033a0   Section        0  port.o(i.pxPortInitialiseStack)
    i.read_All_Flash                         0x000033c0   Section        0  main.o(i.read_All_Flash)
    i.reset                                  0x000033e8   Section        0  main.o(i.reset)
    i.runApplication                         0x0000343c   Section        0  msgbuild.o(i.runApplication)
    i.set_TDSOFF                             0x000034e0   Section        0  tds.o(i.set_TDSOFF)
    i.sim800c_init                           0x000034ec   Section        0  sim800c.o(i.sim800c_init)
    i.tds_Init                               0x00003670   Section        0  tds.o(i.tds_Init)
    i.type_Flow                              0x00003694   Section        0  msgbuild.o(i.type_Flow)
    i.type_Time                              0x000036d4   Section        0  msgbuild.o(i.type_Time)
    i.uxListRemove                           0x00003714   Section        0  list.o(i.uxListRemove)
    i.vAPPTask                               0x0000373c   Section        0  main.o(i.vAPPTask)
    i.vListInitialise                        0x00003790   Section        0  list.o(i.vListInitialise)
    i.vListInitialiseItem                    0x000037aa   Section        0  list.o(i.vListInitialiseItem)
    i.vListInsert                            0x000037b0   Section        0  list.o(i.vListInsert)
    i.vListInsertEnd                         0x000037e6   Section        0  list.o(i.vListInsertEnd)
    i.vPortEnterCritical                     0x00003800   Section        0  port.o(i.vPortEnterCritical)
    i.vPortExitCritical                      0x0000381c   Section        0  port.o(i.vPortExitCritical)
    i.vPortFree                              0x00003844   Section        0  heap_1.o(i.vPortFree)
    i.vPortYield                             0x0000385c   Section        0  port.o(i.vPortYield)
    i.vQueueAddToRegistry                    0x00003874   Section        0  queue.o(i.vQueueAddToRegistry)
    i.vQueueWaitForMessageRestricted         0x000038a0   Section        0  queue.o(i.vQueueWaitForMessageRestricted)
    i.vTCPTask                               0x000038ec   Section        0  main.o(i.vTCPTask)
    i.vTaskDelay                             0x000039c0   Section        0  tasks.o(i.vTaskDelay)
    i.vTaskMissedYield                       0x00003a04   Section        0  tasks.o(i.vTaskMissedYield)
    i.vTaskPlaceOnEventList                  0x00003a10   Section        0  tasks.o(i.vTaskPlaceOnEventList)
    i.vTaskPlaceOnEventListRestricted        0x00003a3c   Section        0  tasks.o(i.vTaskPlaceOnEventListRestricted)
    i.vTaskPriorityInherit                   0x00003a70   Section        0  tasks.o(i.vTaskPriorityInherit)
    i.vTaskSetTimeOutState                   0x00003afc   Section        0  tasks.o(i.vTaskSetTimeOutState)
    i.vTaskStartScheduler                    0x00003b1c   Section        0  tasks.o(i.vTaskStartScheduler)
    i.vTaskSuspendAll                        0x00003b94   Section        0  tasks.o(i.vTaskSuspendAll)
    i.vTaskSwitchContext                     0x00003ba4   Section        0  tasks.o(i.vTaskSwitchContext)
    i.vTimTask                               0x00003c24   Section        0  main.o(i.vTimTask)
    i.vTimerCallback                         0x00003c7c   Section        0  main.o(i.vTimerCallback)
    i.vWDTTask                               0x00003d0c   Section        0  main.o(i.vWDTTask)
    i.valve_Init                             0x00003d40   Section        0  msgbuild.o(i.valve_Init)
    i.valve_OFF                              0x00003d82   Section        0  msgbuild.o(i.valve_OFF)
    i.valve_ON                               0x00003dd6   Section        0  msgbuild.o(i.valve_ON)
    i.xPortStartScheduler                    0x00003e2c   Section        0  port.o(i.xPortStartScheduler)
    i.xQueueGenericCreate                    0x00003e64   Section        0  queue.o(i.xQueueGenericCreate)
    i.xQueueGenericReceive                   0x00003eb4   Section        0  queue.o(i.xQueueGenericReceive)
    i.xQueueGenericReset                     0x00004040   Section        0  queue.o(i.xQueueGenericReset)
    i.xQueueGenericSend                      0x000040c2   Section        0  queue.o(i.xQueueGenericSend)
    i.xQueueGenericSendFromISR               0x0000421c   Section        0  queue.o(i.xQueueGenericSendFromISR)
    i.xTaskCheckForTimeOut                   0x000042d8   Section        0  tasks.o(i.xTaskCheckForTimeOut)
    i.xTaskCreate                            0x0000434c   Section        0  tasks.o(i.xTaskCreate)
    i.xTaskGetSchedulerState                 0x000043a8   Section        0  tasks.o(i.xTaskGetSchedulerState)
    i.xTaskGetTickCount                      0x000043cc   Section        0  tasks.o(i.xTaskGetTickCount)
    i.xTaskIncrementTick                     0x000043d8   Section        0  tasks.o(i.xTaskIncrementTick)
    i.xTaskPriorityDisinherit                0x00004514   Section        0  tasks.o(i.xTaskPriorityDisinherit)
    i.xTaskRemoveFromEventList               0x0000459c   Section        0  tasks.o(i.xTaskRemoveFromEventList)
    i.xTaskResumeAll                         0x00004624   Section        0  tasks.o(i.xTaskResumeAll)
    i.xTimerCreate                           0x00004714   Section        0  timers.o(i.xTimerCreate)
    i.xTimerCreateTimerTask                  0x00004740   Section        0  timers.o(i.xTimerCreateTimerTask)
    i.xTimerGenericCommand                   0x00004788   Section        0  timers.o(i.xTimerGenericCommand)
    x$fpl$dleqf                              0x000047fc   Section      100  dlef.o(x$fpl$dleqf)
    x$fpl$fmul                               0x00004860   Section      176  fmul.o(x$fpl$fmul)
    .constdata                               0x00004910   Section       64  fdiv.o(.constdata)
    x$fpl$usenofp                            0x00004910   Section        0  usenofp.o(x$fpl$usenofp)
    fdiv_tab                                 0x00004910   Data          64  fdiv.o(.constdata)
    i.IAP_Read                               0x20000018   Section        0  lib_flashiap.o(i.IAP_Read)
    i.IAP_Unlock                             0x20000044   Section        0  lib_flashiap.o(i.IAP_Unlock)
    i.IAP_WriteCont                          0x20000098   Section        0  lib_flashiap.o(i.IAP_WriteCont)
    i.IAP_WriteEnd                           0x20000138   Section        0  lib_flashiap.o(i.IAP_WriteEnd)
    i.IAP_WriteWord                          0x2000017c   Section        0  lib_flashiap.o(i.IAP_WriteWord)
    i.Save_To_EPROM                          0x200001cc   Section        0  lib_flashiap.o(i.Save_To_EPROM)
    i.__set_PRIMASK                          0x20000210   Section        0  lib_flashiap.o(i.__set_PRIMASK)
    __set_PRIMASK                            0x20000211   Thumb Code     6  lib_flashiap.o(i.__set_PRIMASK)
    .data                                    0x20000218   Section        4  system_hr8p506.o(.data)
    .data                                    0x2000021c   Section       52  main.o(.data)
    ulCount                                  0x2000024c   Data           4  main.o(.data)
    .data                                    0x20000250   Section       13  msgbuild.o(.data)
    start_open_time                          0x20000258   Data           4  msgbuild.o(.data)
    fflag                                    0x2000025c   Data           1  msgbuild.o(.data)
    .data                                    0x20000260   Section        4  my_systick.o(.data)
    .data                                    0x20000264   Section      210  sim800c.o(.data)
    err_count                                0x20000335   Data           1  sim800c.o(.data)
    .data                                    0x20000338   Section       25  tds.o(.data)
    x1                                       0x20000348   Data           4  tds.o(.data)
    x2                                       0x2000034c   Data           4  tds.o(.data)
    flag                                     0x20000350   Data           1  tds.o(.data)
    .data                                    0x20000351   Section       10  uart.o(.data)
    .data                                    0x2000035c   Section        8  heap_1.o(.data)
    xNextFreeByte                            0x2000035c   Data           4  heap_1.o(.data)
    pucAlignedHeap                           0x20000360   Data           4  heap_1.o(.data)
    .data                                    0x20000364   Section       60  tasks.o(.data)
    pxDelayedTaskList                        0x20000368   Data           4  tasks.o(.data)
    pxOverflowDelayedTaskList                0x2000036c   Data           4  tasks.o(.data)
    uxDeletedTasksWaitingCleanUp             0x20000370   Data           4  tasks.o(.data)
    uxCurrentNumberOfTasks                   0x20000374   Data           4  tasks.o(.data)
    xTickCount                               0x20000378   Data           4  tasks.o(.data)
    uxTopReadyPriority                       0x2000037c   Data           4  tasks.o(.data)
    xSchedulerRunning                        0x20000380   Data           4  tasks.o(.data)
    uxPendedTicks                            0x20000384   Data           4  tasks.o(.data)
    xYieldPending                            0x20000388   Data           4  tasks.o(.data)
    xNumOfOverflows                          0x2000038c   Data           4  tasks.o(.data)
    uxTaskNumber                             0x20000390   Data           4  tasks.o(.data)
    xNextTaskUnblockTime                     0x20000394   Data           4  tasks.o(.data)
    xIdleTaskHandle                          0x20000398   Data           4  tasks.o(.data)
    uxSchedulerSuspended                     0x2000039c   Data           4  tasks.o(.data)
    .data                                    0x200003a0   Section       20  timers.o(.data)
    pxCurrentTimerList                       0x200003a0   Data           4  timers.o(.data)
    pxOverflowTimerList                      0x200003a4   Data           4  timers.o(.data)
    xTimerQueue                              0x200003a8   Data           4  timers.o(.data)
    xTimerTaskHandle                         0x200003ac   Data           4  timers.o(.data)
    xLastTime                                0x200003b0   Data           4  timers.o(.data)
    .data                                    0x200003b4   Section        5  port.o(.data)
    uxCriticalNesting                        0x200003b4   Data           4  port.o(.data)
    .bss                                     0x200003bc   Section       80  main.o(.bss)
    .bss                                     0x2000040c   Section      340  uart.o(.bss)
    .bss                                     0x20000560   Section     3500  heap_1.o(.bss)
    ucHeap                                   0x20000560   Data        3500  heap_1.o(.bss)
    .bss                                     0x2000130c   Section       64  queue.o(.bss)
    .bss                                     0x2000134c   Section      200  tasks.o(.bss)
    pxReadyTasksLists                        0x2000134c   Data         100  tasks.o(.bss)
    xDelayedTaskList1                        0x200013b0   Data          20  tasks.o(.bss)
    xDelayedTaskList2                        0x200013c4   Data          20  tasks.o(.bss)
    xPendingReadyList                        0x200013d8   Data          20  tasks.o(.bss)
    xTasksWaitingTermination                 0x200013ec   Data          20  tasks.o(.bss)
    xSuspendedTaskList                       0x20001400   Data          20  tasks.o(.bss)
    .bss                                     0x20001414   Section       40  timers.o(.bss)
    xActiveTimerList1                        0x20001414   Data          20  timers.o(.bss)
    xActiveTimerList2                        0x20001428   Data          20  timers.o(.bss)
    .bss                                     0x2000143c   Section       96  libspace.o(.bss)
    HEAP                                     0x200014a0   Section        0  startup_hr8p506.o(HEAP)
    STACK                                    0x200014a0   Section     1024  startup_hr8p506.o(STACK)
    Heap_Mem                                 0x200014a0   Data           0  startup_hr8p506.o(HEAP)
    Stack_Mem                                0x200014a0   Data        1024  startup_hr8p506.o(STACK)
    __initial_sp                             0x200018a0   Data           0  startup_hr8p506.o(STACK)

    Global Symbols

    Symbol Name                              Value     Ov Type        Size  Object(Section)

    BuildAttributes$$THM_ISAv3M$S$PE$A:L22$X:L11$S22$IEEE1$IW$USESV6$~STKCKD$USESV7$~SHL$OSPACE$ROPI$EBA8$UX$STANDARDLIB$REQ8$PRES8$EABIv2 0x00000000   Number         0  anon$$obj.o ABSOLUTE
    __ARM_use_no_argv                        0x00000000   Number         0  main.o ABSOLUTE
    __Vectors                                0x00000000   Data           4  startup_hr8p506.o(RESET)
    _printf_flags                            0x00000000   Number         0  printf_stubs.o ABSOLUTE
    _printf_return_value                     0x00000000   Number         0  printf_stubs.o ABSOLUTE
    _printf_sizespec                         0x00000000   Number         0  printf_stubs.o ABSOLUTE
    _printf_widthprec                        0x00000000   Number         0  printf_stubs.o ABSOLUTE
    __ARM_exceptions_init                     - Undefined Weak Reference
    __alloca_initialize                       - Undefined Weak Reference
    __arm_preinit_                            - Undefined Weak Reference
    __cpp_initialize__aeabi_                  - Undefined Weak Reference
    __cxa_finalize                            - Undefined Weak Reference
    __rt_locale                               - Undefined Weak Reference
    __sigvec_lookup                           - Undefined Weak Reference
    _atexit_init                              - Undefined Weak Reference
    _call_atexit_fns                          - Undefined Weak Reference
    _clock_init                               - Undefined Weak Reference
    _fp_trap_init                             - Undefined Weak Reference
    _fp_trap_shutdown                         - Undefined Weak Reference
    _get_lc_collate                           - Undefined Weak Reference
    _get_lc_ctype                             - Undefined Weak Reference
    _get_lc_monetary                          - Undefined Weak Reference
    _get_lc_numeric                           - Undefined Weak Reference
    _get_lc_time                              - Undefined Weak Reference
    _getenv_init                              - Undefined Weak Reference
    _handle_redirection                       - Undefined Weak Reference
    _init_alloc                               - Undefined Weak Reference
    _init_user_alloc                          - Undefined Weak Reference
    _initio                                   - Undefined Weak Reference
    _printf_mbtowc                            - Undefined Weak Reference
    _printf_post_padding                      - Undefined Weak Reference
    _printf_pre_padding                       - Undefined Weak Reference
    _printf_truncate_signed                   - Undefined Weak Reference
    _printf_truncate_unsigned                 - Undefined Weak Reference
    _rand_init                                - Undefined Weak Reference
    _signal_finish                            - Undefined Weak Reference
    _signal_init                              - Undefined Weak Reference
    _terminate_alloc                          - Undefined Weak Reference
    _terminate_user_alloc                     - Undefined Weak Reference
    _terminateio                              - Undefined Weak Reference
    __main                                   0x000000c1   Thumb Code     8  __main.o(!!!main)
    __scatterload                            0x000000c9   Thumb Code     0  __scatter.o(!!!scatter)
    __scatterload_rt2                        0x000000c9   Thumb Code    52  __scatter.o(!!!scatter)
    __scatterload_rt2_thumb_only             0x000000c9   Thumb Code     0  __scatter.o(!!!scatter)
    __scatterload_null                       0x000000d9   Thumb Code     0  __scatter.o(!!!scatter)
    __scatterload_copy                       0x00000105   Thumb Code    26  __scatter_copy.o(!!handler_copy)
    __scatterload_zeroinit                   0x00000121   Thumb Code    28  __scatter_zi.o(!!handler_zi)
    _printf_percent                          0x0000013d   Thumb Code     0  _printf_percent.o(.ARM.Collect$$_printf_percent$$00000000)
    _printf_u                                0x0000013f   Thumb Code     0  _printf_u.o(.ARM.Collect$$_printf_percent$$0000000A)
    _printf_c                                0x00000149   Thumb Code     0  _printf_c.o(.ARM.Collect$$_printf_percent$$00000013)
    _printf_s                                0x00000153   Thumb Code     0  _printf_s.o(.ARM.Collect$$_printf_percent$$00000014)
    _printf_percent_end                      0x0000015d   Thumb Code     0  _printf_percent_end.o(.ARM.Collect$$_printf_percent$$00000017)
    __rt_lib_init                            0x00000161   Thumb Code     0  libinit.o(.ARM.Collect$$libinit$$00000000)
    __rt_lib_init_alloca_1                   0x00000163   Thumb Code     0  libinit2.o(.ARM.Collect$$libinit$$0000002E)
    __rt_lib_init_argv_1                     0x00000163   Thumb Code     0  libinit2.o(.ARM.Collect$$libinit$$0000002C)
    __rt_lib_init_atexit_1                   0x00000163   Thumb Code     0  libinit2.o(.ARM.Collect$$libinit$$0000001B)
    __rt_lib_init_clock_1                    0x00000163   Thumb Code     0  libinit2.o(.ARM.Collect$$libinit$$00000021)
    __rt_lib_init_cpp_1                      0x00000163   Thumb Code     0  libinit2.o(.ARM.Collect$$libinit$$00000032)
    __rt_lib_init_exceptions_1               0x00000163   Thumb Code     0  libinit2.o(.ARM.Collect$$libinit$$00000030)
    __rt_lib_init_fp_1                       0x00000163   Thumb Code     0  libinit2.o(.ARM.Collect$$libinit$$00000002)
    __rt_lib_init_fp_trap_1                  0x00000163   Thumb Code     0  libinit2.o(.ARM.Collect$$libinit$$0000001F)
    __rt_lib_init_getenv_1                   0x00000163   Thumb Code     0  libinit2.o(.ARM.Collect$$libinit$$00000023)
    __rt_lib_init_heap_1                     0x00000163   Thumb Code     0  libinit2.o(.ARM.Collect$$libinit$$0000000A)
    __rt_lib_init_lc_collate_1               0x00000163   Thumb Code     0  libinit2.o(.ARM.Collect$$libinit$$00000011)
    __rt_lib_init_lc_ctype_1                 0x00000163   Thumb Code     0  libinit2.o(.ARM.Collect$$libinit$$00000013)
    __rt_lib_init_lc_monetary_1              0x00000163   Thumb Code     0  libinit2.o(.ARM.Collect$$libinit$$00000015)
    __rt_lib_init_lc_numeric_1               0x00000163   Thumb Code     0  libinit2.o(.ARM.Collect$$libinit$$00000017)
    __rt_lib_init_lc_time_1                  0x00000163   Thumb Code     0  libinit2.o(.ARM.Collect$$libinit$$00000019)
    __rt_lib_init_preinit_1                  0x00000163   Thumb Code     0  libinit2.o(.ARM.Collect$$libinit$$00000004)
    __rt_lib_init_rand_1                     0x00000163   Thumb Code     0  libinit2.o(.ARM.Collect$$libinit$$0000000E)
    __rt_lib_init_return                     0x00000163   Thumb Code     0  libinit2.o(.ARM.Collect$$libinit$$00000033)
    __rt_lib_init_signal_1                   0x00000163   Thumb Code     0  libinit2.o(.ARM.Collect$$libinit$$0000001D)
    __rt_lib_init_stdio_1                    0x00000163   Thumb Code     0  libinit2.o(.ARM.Collect$$libinit$$00000025)
    __rt_lib_init_user_alloc_1               0x00000163   Thumb Code     0  libinit2.o(.ARM.Collect$$libinit$$0000000C)
    __rt_lib_shutdown                        0x00000165   Thumb Code     0  libshutdown.o(.ARM.Collect$$libshutdown$$00000000)
    __rt_lib_shutdown_cpp_1                  0x00000167   Thumb Code     0  libshutdown2.o(.ARM.Collect$$libshutdown$$00000002)
    __rt_lib_shutdown_fp_trap_1              0x00000167   Thumb Code     0  libshutdown2.o(.ARM.Collect$$libshutdown$$00000007)
    __rt_lib_shutdown_heap_1                 0x00000167   Thumb Code     0  libshutdown2.o(.ARM.Collect$$libshutdown$$0000000F)
    __rt_lib_shutdown_return                 0x00000167   Thumb Code     0  libshutdown2.o(.ARM.Collect$$libshutdown$$00000010)
    __rt_lib_shutdown_signal_1               0x00000167   Thumb Code     0  libshutdown2.o(.ARM.Collect$$libshutdown$$0000000A)
    __rt_lib_shutdown_stdio_1                0x00000167   Thumb Code     0  libshutdown2.o(.ARM.Collect$$libshutdown$$00000004)
    __rt_lib_shutdown_user_alloc_1           0x00000167   Thumb Code     0  libshutdown2.o(.ARM.Collect$$libshutdown$$0000000C)
    __rt_entry                               0x00000169   Thumb Code     0  __rtentry.o(.ARM.Collect$$rtentry$$00000000)
    __rt_entry_presh_1                       0x00000169   Thumb Code     0  __rtentry2.o(.ARM.Collect$$rtentry$$00000002)
    __rt_entry_sh                            0x00000169   Thumb Code     0  __rtentry4.o(.ARM.Collect$$rtentry$$00000004)
    __rt_entry_li                            0x0000016f   Thumb Code     0  __rtentry2.o(.ARM.Collect$$rtentry$$0000000A)
    __rt_entry_postsh_1                      0x0000016f   Thumb Code     0  __rtentry2.o(.ARM.Collect$$rtentry$$00000009)
    __rt_entry_main                          0x00000173   Thumb Code     0  __rtentry2.o(.ARM.Collect$$rtentry$$0000000D)
    __rt_entry_postli_1                      0x00000173   Thumb Code     0  __rtentry2.o(.ARM.Collect$$rtentry$$0000000C)
    __rt_exit                                0x0000017b   Thumb Code     0  rtexit.o(.ARM.Collect$$rtexit$$00000000)
    __rt_exit_ls                             0x0000017d   Thumb Code     0  rtexit2.o(.ARM.Collect$$rtexit$$00000003)
    __rt_exit_prels_1                        0x0000017d   Thumb Code     0  rtexit2.o(.ARM.Collect$$rtexit$$00000002)
    __rt_exit_exit                           0x00000181   Thumb Code     0  rtexit2.o(.ARM.Collect$$rtexit$$00000004)
    __asm___6_port_c_39a90d8d__prvPortStartFirstTask 0x00000189   Thumb Code    36  port.o(.emb_text)
    ulSetInterruptMaskFromISR                0x000001b1   Thumb Code     8  port.o(.emb_text)
    vClearInterruptMaskFromISR               0x000001b9   Thumb Code     6  port.o(.emb_text)
    PendSV_IRQHandler                        0x000001bf   Thumb Code    62  port.o(.emb_text)
    __aeabi_memcpy4                          0x00000201   Thumb Code    56  rt_memcpy.o(.emb_text)
    __aeabi_memcpy8                          0x00000201   Thumb Code     0  rt_memcpy.o(.emb_text)
    CPSID_i                                  0x00000239   Thumb Code     4  startup_hr8p506.o(.text)
    CPSIE_i                                  0x0000023d   Thumb Code     4  startup_hr8p506.o(.text)
    Reset_IRQHandler                         0x00000241   Thumb Code    12  startup_hr8p506.o(.text)
    NMI_IRQHandler                           0x0000024d   Thumb Code     2  startup_hr8p506.o(.text)
    HardFault_IRQHandler                     0x0000024f   Thumb Code     2  startup_hr8p506.o(.text)
    SVC_IRQHandler                           0x00000251   Thumb Code     2  startup_hr8p506.o(.text)
    ADC_IRQHandler                           0x00000257   Thumb Code     0  startup_hr8p506.o(.text)
    CCM_IRQHandler                           0x00000257   Thumb Code     0  startup_hr8p506.o(.text)
    EUART0_IRQHandler                        0x00000257   Thumb Code     0  startup_hr8p506.o(.text)
    I2C0_IRQHandler                          0x00000257   Thumb Code     0  startup_hr8p506.o(.text)
    KINT_IRQHandler                          0x00000257   Thumb Code     0  startup_hr8p506.o(.text)
    LVD_IRQHandler                           0x00000257   Thumb Code     0  startup_hr8p506.o(.text)
    PINT0_IRQHandler                         0x00000257   Thumb Code     0  startup_hr8p506.o(.text)
    PINT1_IRQHandler                         0x00000257   Thumb Code     0  startup_hr8p506.o(.text)
    PINT2_IRQHandler                         0x00000257   Thumb Code     0  startup_hr8p506.o(.text)
    PINT3_IRQHandler                         0x00000257   Thumb Code     0  startup_hr8p506.o(.text)
    PINT4_IRQHandler                         0x00000257   Thumb Code     0  startup_hr8p506.o(.text)
    PINT5_IRQHandler                         0x00000257   Thumb Code     0  startup_hr8p506.o(.text)
    PINT6_IRQHandler                         0x00000257   Thumb Code     0  startup_hr8p506.o(.text)
    PINT7_IRQHandler                         0x00000257   Thumb Code     0  startup_hr8p506.o(.text)
    PLLLK_IRQHandler                         0x00000257   Thumb Code     0  startup_hr8p506.o(.text)
    RTC_IRQHandler                           0x00000257   Thumb Code     0  startup_hr8p506.o(.text)
    SPI0_IRQHandler                          0x00000257   Thumb Code     0  startup_hr8p506.o(.text)
    SPI1_IRQHandler                          0x00000257   Thumb Code     0  startup_hr8p506.o(.text)
    T16N0_IRQHandler                         0x00000257   Thumb Code     0  startup_hr8p506.o(.text)
    T16N1_IRQHandler                         0x00000257   Thumb Code     0  startup_hr8p506.o(.text)
    T16N3_IRQHandler                         0x00000257   Thumb Code     0  startup_hr8p506.o(.text)
    T32N0_IRQHandler                         0x00000257   Thumb Code     0  startup_hr8p506.o(.text)
    UART1_IRQHandler                         0x00000257   Thumb Code     0  startup_hr8p506.o(.text)
    WDT_IRQHandler                           0x00000257   Thumb Code     0  startup_hr8p506.o(.text)
    RegInit                                  0x00000265   Thumb Code   172  startup_hr8p506.o(.text)
    __user_initial_stackheap                 0x00000311   Thumb Code     0  startup_hr8p506.o(.text)
    __2sprintf                               0x00000329   Thumb Code    40  __2sprintf.o(.text)
    __printf                                 0x00000355   Thumb Code   108  __printf.o(.text)
    _printf_str                              0x000003c1   Thumb Code    82  _printf_str.o(.text)
    _printf_int_dec                          0x00000415   Thumb Code    90  _printf_dec.o(.text)
    strstr                                   0x00000481   Thumb Code    40  strstr.o(.text)
    strlen                                   0x000004a9   Thumb Code    62  strlen.o(.text)
    strcat                                   0x000004ed   Thumb Code    24  strcat.o(.text)
    __aeabi_memcpy                           0x00000505   Thumb Code   130  rt_memcpy.o(.text)
    __rt_memcpy                              0x00000505   Thumb Code     0  rt_memcpy.o(.text)
    __aeabi_memset                           0x00000587   Thumb Code    18  aeabi_memset.o(.text)
    _memset_w                                0x00000599   Thumb Code    26  rt_memclr.o(.text)
    _memset                                  0x000005b3   Thumb Code    30  rt_memclr.o(.text)
    __aeabi_memclr                           0x000005d1   Thumb Code     4  rt_memclr.o(.text)
    __rt_memclr                              0x000005d1   Thumb Code     0  rt_memclr.o(.text)
    __aeabi_memclr4                          0x000005d5   Thumb Code     0  rt_memclr.o(.text)
    __aeabi_memclr8                          0x000005d5   Thumb Code     0  rt_memclr.o(.text)
    __rt_memclr_w                            0x000005d5   Thumb Code     4  rt_memclr.o(.text)
    strncpy                                  0x000005d9   Thumb Code   104  strncpy.o(.text)
    __aeabi_uidiv                            0x00000645   Thumb Code     0  aeabi_sdiv.o(.text)
    __aeabi_uidivmod                         0x00000645   Thumb Code    20  aeabi_sdiv.o(.text)
    __aeabi_idiv                             0x00000659   Thumb Code     0  aeabi_sdiv.o(.text)
    __aeabi_idivmod                          0x00000659   Thumb Code   326  aeabi_sdiv.o(.text)
    __use_two_region_memory                  0x0000079f   Thumb Code     2  heapauxi.o(.text)
    __rt_heap_escrow$2region                 0x000007a1   Thumb Code     2  heapauxi.o(.text)
    __rt_heap_expand$2region                 0x000007a3   Thumb Code     2  heapauxi.o(.text)
    __aeabi_d2f                              0x000007a5   Thumb Code     0  d2f.o(.text)
    _d2f                                     0x000007a5   Thumb Code   120  d2f.o(.text)
    __aeabi_f2d                              0x00000821   Thumb Code     0  f2d.o(.text)
    _f2d                                     0x00000821   Thumb Code    80  f2d.o(.text)
    __aeabi_fdiv                             0x00000875   Thumb Code     0  fdiv.o(.text)
    _fdiv                                    0x00000875   Thumb Code   334  fdiv.o(.text)
    _frdiv                                   0x000009c3   Thumb Code     8  fdiv.o(.text)
    __aeabi_f2uiz                            0x000009d5   Thumb Code     0  ffixui.o(.text)
    _ffixu                                   0x000009d5   Thumb Code    48  ffixui.o(.text)
    __aeabi_i2f_normalise                    0x00000a05   Thumb Code    72  fflti.o(.text)
    __aeabi_i2f                              0x00000a4d   Thumb Code    16  fflti.o(.text)
    _fflt                                    0x00000a4d   Thumb Code     0  fflti.o(.text)
    __aeabi_ui2f                             0x00000a5d   Thumb Code     6  fflti.o(.text)
    _ffltu                                   0x00000a5d   Thumb Code     0  fflti.o(.text)
    _printf_int_common                       0x00000a63   Thumb Code   176  _printf_intcommon.o(.text)
    _printf_char_common                      0x00000b1f   Thumb Code    32  _printf_char_common.o(.text)
    _sputc                                   0x00000b45   Thumb Code    10  _sputc.o(.text)
    _printf_cs_common                        0x00000b4f   Thumb Code    22  _printf_char.o(.text)
    _printf_char                             0x00000b65   Thumb Code    16  _printf_char.o(.text)
    _printf_string                           0x00000b75   Thumb Code     8  _printf_char.o(.text)
    __rt_udiv10                              0x00000b7d   Thumb Code    40  rtudiv10.o(.text)
    __fpl_dcmp_InfNaN                        0x00000ba5   Thumb Code   140  dcmpin.o(.text)
    __fpl_cmpreturn                          0x00000c35   Thumb Code    46  cmpret.o(.text)
    __fpl_dcheck_NaN2                        0x00000c65   Thumb Code    14  dnan2.o(.text)
    __user_setup_stackheap                   0x00000c79   Thumb Code    62  sys_stackheap_outer.o(.text)
    exit                                     0x00000cb7   Thumb Code    16  exit.o(.text)
    __fpl_return_NaN                         0x00000cc7   Thumb Code    94  retnan.o(.text)
    __user_libspace                          0x00000d25   Thumb Code     8  libspace.o(.text)
    __user_perproc_libspace                  0x00000d25   Thumb Code     0  libspace.o(.text)
    __user_perthread_libspace                0x00000d25   Thumb Code     0  libspace.o(.text)
    _sys_exit                                0x00000d2d   Thumb Code     8  sys_exit.o(.text)
    __I$use$semihosting                      0x00000d39   Thumb Code     0  use_no_semi.o(.text)
    __use_no_semihosting_swi                 0x00000d39   Thumb Code     2  use_no_semi.o(.text)
    __decompress                             0x00000d3b   Thumb Code     0  __dczerorl2.o(.text)
    __decompress1                            0x00000d3b   Thumb Code    86  __dczerorl2.o(.text)
    __semihosting_library_function           0x00000d3b   Thumb Code     0  indicate_semi.o(.text)
    Long Thumb to Thumb Veneer to Save_To_EPROM 0x00000d91   Thumb Code    12  anon$$obj.o(Veneer$$Code)
    Long Thumb to Thumb Veneer to IAP_Read   0x00000d9d   Thumb Code    12  anon$$obj.o(Veneer$$Code)
    BEE_init                                 0x00000da9   Thumb Code    34  main.o(i.BEE_init)
    GPIO_GetNormalBitOffsetFromPin           0x00000dcb   Thumb Code   250  lib_gpio.o(i.GPIO_GetNormalBitOffsetFromPin)
    GPIO_Init                                0x00000ec5   Thumb Code   104  lib_gpio.o(i.GPIO_Init)
    GPIO_SetDSRegFromPin                     0x00000f2d   Thumb Code    98  lib_gpio.o(i.GPIO_SetDSRegFromPin)
    GPIO_SetDirRegFromPin                    0x00000f95   Thumb Code    70  lib_gpio.o(i.GPIO_SetDirRegFromPin)
    GPIO_SetFuncxRegFromPin                  0x00000fe1   Thumb Code  1394  lib_gpio.o(i.GPIO_SetFuncxRegFromPin)
    GPIO_SetODERegFromPin                    0x00001559   Thumb Code    98  lib_gpio.o(i.GPIO_SetODERegFromPin)
    GPIO_SetPDERegFromPin                    0x000015c1   Thumb Code    98  lib_gpio.o(i.GPIO_SetPDERegFromPin)
    GPIO_SetPUERegFromPin                    0x00001629   Thumb Code    98  lib_gpio.o(i.GPIO_SetPUERegFromPin)
    GPIO_SetSingalTypeFromPin                0x00001691   Thumb Code    98  lib_gpio.o(i.GPIO_SetSingalTypeFromPin)
    GPIO_WriteBit                            0x000016f9   Thumb Code    70  lib_gpio.o(i.GPIO_WriteBit)
    GSM_SMS_RCV                              0x00001745   Thumb Code   252  sim800c.o(i.GSM_SMS_RCV)
    GSM_TCPC_INIT                            0x00001891   Thumb Code    24  sim800c.o(i.GSM_TCPC_INIT)
    GSM_TCP_Connect                          0x000018b1   Thumb Code   184  sim800c.o(i.GSM_TCP_Connect)
    HardWare_Init                            0x0000199d   Thumb Code    24  main.o(i.HardWare_Init)
    NVIC_Init                                0x000019b5   Thumb Code    94  lib_scs.o(i.NVIC_Init)
    SysTick_IRQHandler                       0x00001a19   Thumb Code    50  port.o(i.SysTick_IRQHandler)
    SystemInit                               0x00001a55   Thumb Code    48  system_hr8p506.o(i.SystemInit)
    T16N2_IRQHandler                         0x00001a91   Thumb Code    56  tds.o(i.T16N2_IRQHandler)
    T16Nx_ClearITPendingBit                  0x00001ad9   Thumb Code     4  lib_timer.o(i.T16Nx_ClearITPendingBit)
    T16Nx_Disable                            0x00001add   Thumb Code    10  lib_timer.o(i.T16Nx_Disable)
    T16Nx_Enable                             0x00001ae7   Thumb Code    12  lib_timer.o(i.T16Nx_Enable)
    T16Nx_GetFlagStatus                      0x00001af3   Thumb Code    20  lib_timer.o(i.T16Nx_GetFlagStatus)
    TCP_Connected                            0x00001b09   Thumb Code    24  sim800c.o(i.TCP_Connected)
    TCP_Recieve                              0x00001b41   Thumb Code   152  sim800c.o(i.TCP_Recieve)
    UART0Init                                0x00001bf5   Thumb Code   160  uart.o(i.UART0Init)
    UART0Putch                               0x00001c99   Thumb Code    22  uart.o(i.UART0Putch)
    UART0Write_Str                           0x00001cb5   Thumb Code    60  uart.o(i.UART0Write_Str)
    UART0_IRQHandler                         0x00001d09   Thumb Code   250  uart.o(i.UART0_IRQHandler)
    UART0_Recieve                            0x00001e35   Thumb Code   118  uart.o(i.UART0_Recieve)
    UART1Init                                0x00001ec9   Thumb Code   128  uart.o(i.UART1Init)
    UART1Putch                               0x00001f4d   Thumb Code    22  uart.o(i.UART1Putch)
    UART1Write_Str                           0x00001f69   Thumb Code    36  uart.o(i.UART1Write_Str)
    UART_GetFlagStatus                       0x00001f91   Thumb Code    16  lib_uart.o(i.UART_GetFlagStatus)
    UART_GetITStatus                         0x00001fa1   Thumb Code    16  lib_uart.o(i.UART_GetITStatus)
    UART_ITConfig                            0x00001fb1   Thumb Code    20  lib_uart.o(i.UART_ITConfig)
    UART_Init                                0x00001fc5   Thumb Code   350  lib_uart.o(i.UART_Init)
    UART_RBIMConfig                          0x0000212d   Thumb Code    20  lib_uart.o(i.UART_RBIMConfig)
    UART_TBIMConfig                          0x00002141   Thumb Code    16  lib_uart.o(i.UART_TBIMConfig)
    WDT_Init                                 0x00002151   Thumb Code   104  lib_wdt.o(i.WDT_Init)
    __ARM_common_switch8                     0x000021c1   Thumb Code    28  lib_gpio.o(i.__ARM_common_switch8)
    check_ststus                             0x000021dd   Thumb Code   130  uart.o(i.check_ststus)
    clear_RCV_Buffer                         0x00002271   Thumb Code    20  uart.o(i.clear_RCV_Buffer)
    control_Function                         0x00002289   Thumb Code   182  msgbuild.o(i.control_Function)
    delay_nms                                0x00002351   Thumb Code    12  my_systick.o(i.delay_nms)
    get_Flow                                 0x0000235d   Thumb Code     2  water_flow.o(i.get_Flow)
    get_Fre1                                 0x00002361   Thumb Code    82  tds.o(i.get_Fre1)
    get_IMEI                                 0x000023c5   Thumb Code   106  sim800c.o(i.get_IMEI)
    get_MSG                                  0x00002445   Thumb Code   114  uart.o(i.get_MSG)
    get_NByte                                0x000024d9   Thumb Code    80  uart.o(i.get_NByte)
    get_TDS                                  0x00002545   Thumb Code   236  tds.o(i.get_TDS)
    hard_Delaynms                            0x00002641   Thumb Code    16  my_systick.o(i.hard_Delaynms)
    high_Pressure                            0x00002655   Thumb Code    20  msgbuild.o(i.high_Pressure)
    low_Pressure                             0x0000266d   Thumb Code    20  msgbuild.o(i.low_Pressure)
    main                                     0x00002685   Thumb Code    98  main.o(i.main)
    msg_Build                                0x00002709   Thumb Code   188  msgbuild.o(i.msg_Build)
    msg_Deal                                 0x00002821   Thumb Code   548  msgbuild.o(i.msg_Deal)
    pvPortMalloc                             0x0000330d   Thumb Code   100  heap_1.o(i.pvPortMalloc)
    pvTaskIncrementMutexHeldCount            0x00003381   Thumb Code    28  tasks.o(i.pvTaskIncrementMutexHeldCount)
    pxPortInitialiseStack                    0x000033a1   Thumb Code    26  port.o(i.pxPortInitialiseStack)
    read_All_Flash                           0x000033c1   Thumb Code    34  main.o(i.read_All_Flash)
    reset                                    0x000033e9   Thumb Code    66  main.o(i.reset)
    runApplication                           0x0000343d   Thumb Code   132  msgbuild.o(i.runApplication)
    set_TDSOFF                               0x000034e1   Thumb Code     8  tds.o(i.set_TDSOFF)
    sim800c_init                             0x000034ed   Thumb Code   298  sim800c.o(i.sim800c_init)
    tds_Init                                 0x00003671   Thumb Code    30  tds.o(i.tds_Init)
    type_Flow                                0x00003695   Thumb Code    54  msgbuild.o(i.type_Flow)
    type_Time                                0x000036d5   Thumb Code    54  msgbuild.o(i.type_Time)
    uxListRemove                             0x00003715   Thumb Code    40  list.o(i.uxListRemove)
    vAPPTask                                 0x0000373d   Thumb Code    68  main.o(i.vAPPTask)
    vListInitialise                          0x00003791   Thumb Code    26  list.o(i.vListInitialise)
    vListInitialiseItem                      0x000037ab   Thumb Code     6  list.o(i.vListInitialiseItem)
    vListInsert                              0x000037b1   Thumb Code    54  list.o(i.vListInsert)
    vListInsertEnd                           0x000037e7   Thumb Code    24  list.o(i.vListInsertEnd)
    vPortEnterCritical                       0x00003801   Thumb Code    22  port.o(i.vPortEnterCritical)
    vPortExitCritical                        0x0000381d   Thumb Code    36  port.o(i.vPortExitCritical)
    vPortFree                                0x00003845   Thumb Code    22  heap_1.o(i.vPortFree)
    vPortYield                               0x0000385d   Thumb Code    18  port.o(i.vPortYield)
    vQueueAddToRegistry                      0x00003875   Thumb Code    40  queue.o(i.vQueueAddToRegistry)
    vQueueWaitForMessageRestricted           0x000038a1   Thumb Code    76  queue.o(i.vQueueWaitForMessageRestricted)
    vTCPTask                                 0x000038ed   Thumb Code   196  main.o(i.vTCPTask)
    vTaskDelay                               0x000039c1   Thumb Code    62  tasks.o(i.vTaskDelay)
    vTaskMissedYield                         0x00003a05   Thumb Code     8  tasks.o(i.vTaskMissedYield)
    vTaskPlaceOnEventList                    0x00003a11   Thumb Code    38  tasks.o(i.vTaskPlaceOnEventList)
    vTaskPlaceOnEventListRestricted          0x00003a3d   Thumb Code    48  tasks.o(i.vTaskPlaceOnEventListRestricted)
    vTaskPriorityInherit                     0x00003a71   Thumb Code   128  tasks.o(i.vTaskPriorityInherit)
    vTaskSetTimeOutState                     0x00003afd   Thumb Code    24  tasks.o(i.vTaskSetTimeOutState)
    vTaskStartScheduler                      0x00003b1d   Thumb Code    90  tasks.o(i.vTaskStartScheduler)
    vTaskSuspendAll                          0x00003b95   Thumb Code    12  tasks.o(i.vTaskSuspendAll)
    vTaskSwitchContext                       0x00003ba5   Thumb Code   108  tasks.o(i.vTaskSwitchContext)
    vTimTask                                 0x00003c25   Thumb Code    68  main.o(i.vTimTask)
    vTimerCallback                           0x00003c7d   Thumb Code   106  main.o(i.vTimerCallback)
    vWDTTask                                 0x00003d0d   Thumb Code    40  main.o(i.vWDTTask)
    valve_Init                               0x00003d41   Thumb Code    66  msgbuild.o(i.valve_Init)
    valve_OFF                                0x00003d83   Thumb Code    84  msgbuild.o(i.valve_OFF)
    valve_ON                                 0x00003dd7   Thumb Code    84  msgbuild.o(i.valve_ON)
    xPortStartScheduler                      0x00003e2d   Thumb Code    48  port.o(i.xPortStartScheduler)
    xQueueGenericCreate                      0x00003e65   Thumb Code    80  queue.o(i.xQueueGenericCreate)
    xQueueGenericReceive                     0x00003eb5   Thumb Code   396  queue.o(i.xQueueGenericReceive)
    xQueueGenericReset                       0x00004041   Thumb Code   130  queue.o(i.xQueueGenericReset)
    xQueueGenericSend                        0x000040c3   Thumb Code   346  queue.o(i.xQueueGenericSend)
    xQueueGenericSendFromISR                 0x0000421d   Thumb Code   188  queue.o(i.xQueueGenericSendFromISR)
    xTaskCheckForTimeOut                     0x000042d9   Thumb Code   106  tasks.o(i.xTaskCheckForTimeOut)
    xTaskCreate                              0x0000434d   Thumb Code    92  tasks.o(i.xTaskCreate)
    xTaskGetSchedulerState                   0x000043a9   Thumb Code    28  tasks.o(i.xTaskGetSchedulerState)
    xTaskGetTickCount                        0x000043cd   Thumb Code     6  tasks.o(i.xTaskGetTickCount)
    xTaskIncrementTick                       0x000043d9   Thumb Code   270  tasks.o(i.xTaskIncrementTick)
    xTaskPriorityDisinherit                  0x00004515   Thumb Code   124  tasks.o(i.xTaskPriorityDisinherit)
    xTaskRemoveFromEventList                 0x0000459d   Thumb Code   112  tasks.o(i.xTaskRemoveFromEventList)
    xTaskResumeAll                           0x00004625   Thumb Code   206  tasks.o(i.xTaskResumeAll)
    xTimerCreate                             0x00004715   Thumb Code    44  timers.o(i.xTimerCreate)
    xTimerCreateTimerTask                    0x00004741   Thumb Code    52  timers.o(i.xTimerCreateTimerTask)
    xTimerGenericCommand                     0x00004789   Thumb Code   110  timers.o(i.xTimerGenericCommand)
    __aeabi_cdcmple                          0x000047fd   Thumb Code     0  dlef.o(x$fpl$dleqf)
    _dcmple                                  0x000047fd   Thumb Code    94  dlef.o(x$fpl$dleqf)
    __aeabi_fmul                             0x00004861   Thumb Code     0  fmul.o(x$fpl$fmul)
    _fmul                                    0x00004861   Thumb Code   172  fmul.o(x$fpl$fmul)
    __I$use$fp                               0x00004910   Number         0  usenofp.o(x$fpl$usenofp)
    Region$$Table$$Base                      0x00004950   Number         0  anon$$obj.o(Region$$Table)
    Region$$Table$$Limit                     0x00004980   Number         0  anon$$obj.o(Region$$Table)
    Long Thumb to Thumb Veneer to CPSID_i    0x20000001   Thumb Code    12  anon$$obj.o(Veneer$$Code)
    Long Thumb to Thumb Veneer to CPSIE_i    0x2000000d   Thumb Code    12  anon$$obj.o(Veneer$$Code)
    IAP_Read                                 0x20000019   Thumb Code    42  lib_flashiap.o(i.IAP_Read)
    IAP_Unlock                               0x20000045   Thumb Code    76  lib_flashiap.o(i.IAP_Unlock)
    IAP_WriteCont                            0x20000099   Thumb Code   146  lib_flashiap.o(i.IAP_WriteCont)
    IAP_WriteEnd                             0x20000139   Thumb Code    60  lib_flashiap.o(i.IAP_WriteEnd)
    IAP_WriteWord                            0x2000017d   Thumb Code    80  lib_flashiap.o(i.IAP_WriteWord)
    Save_To_EPROM                            0x200001cd   Thumb Code    62  lib_flashiap.o(i.Save_To_EPROM)
    SystemCoreClock                          0x20000218   Data           4  system_hr8p506.o(.data)
    serverIP                                 0x2000021c   Data          28  main.o(.data)
    MY_Timer                                 0x20000238   Data           4  main.o(.data)
    seconds                                  0x2000023c   Data           4  main.o(.data)
    minutes                                  0x20000240   Data           4  main.o(.data)
    TDS1Time                                 0x20000244   Data           4  main.o(.data)
    TDS2Time                                 0x20000248   Data           4  main.o(.data)
    tds1                                     0x20000250   Data           4  msgbuild.o(.data)
    tds2                                     0x20000254   Data           4  msgbuild.o(.data)
    HardWareDelay                            0x20000260   Data           4  my_systick.o(.data)
    GSM_BUF0                                 0x20000264   Data           5  sim800c.o(.data)
    GSM_BUF1                                 0x20000269   Data          12  sim800c.o(.data)
    GSM_BUF3                                 0x20000275   Data          23  sim800c.o(.data)
    GSM_BUF4                                 0x2000028c   Data          16  sim800c.o(.data)
    GSM_BUF5                                 0x2000029c   Data          12  sim800c.o(.data)
    GSM_BUF6                                 0x200002a8   Data          18  sim800c.o(.data)
    GSM_BUF7                                 0x200002ba   Data          11  sim800c.o(.data)
    GSM_BUF8                                 0x200002c5   Data          11  sim800c.o(.data)
    CIPSTART                                 0x200002d0   Data          46  sim800c.o(.data)
    GSM_CIPSRIP                              0x200002fe   Data          15  sim800c.o(.data)
    GSM_CIPSEND                              0x2000030d   Data          13  sim800c.o(.data)
    GSM_CIPCLOSE                             0x2000031a   Data          14  sim800c.o(.data)
    GSM_CIPSHUT                              0x20000328   Data          13  sim800c.o(.data)
    TDS1count1                               0x20000338   Data           4  tds.o(.data)
    TDS2count1                               0x2000033c   Data           4  tds.o(.data)
    tcount                                   0x20000340   Data           4  tds.o(.data)
    tflag                                    0x20000344   Data           4  tds.o(.data)
    data_temp                                0x20000351   Data           1  uart.o(.data)
    left_bracket                             0x20000352   Data           1  uart.o(.data)
    right_bracket                            0x20000353   Data           1  uart.o(.data)
    start_rcv_flag                           0x20000354   Data           1  uart.o(.data)
    rcv_head_flag                            0x20000355   Data           1  uart.o(.data)
    rcv_enf_flag                             0x20000356   Data           1  uart.o(.data)
    err_rcv_head_flag                        0x20000357   Data           1  uart.o(.data)
    RxCounter                                0x20000358   Data           1  uart.o(.data)
    RxCounter1                               0x20000359   Data           1  uart.o(.data)
    RxByte                                   0x2000035a   Data           1  uart.o(.data)
    pxCurrentTCB                             0x20000364   Data           4  tasks.o(.data)
    beeflag                                  0x200003b8   Data           1  port.o(.data)
    EPROM                                    0x200003bc   Data          80  main.o(.bss)
    RCV_DATA_BUF                             0x2000040c   Data         220  uart.o(.bss)
    SEND_DATA_BUF                            0x200004e8   Data         120  uart.o(.bss)
    xQueueRegistry                           0x2000130c   Data          64  queue.o(.bss)
    __libspace_start                         0x2000143c   Data          96  libspace.o(.bss)
    __temporary_stack_top$libspace           0x2000149c   Data           0  libspace.o(.bss)



==============================================================================

Memory Map of the image

  Image Entry point : 0x000000c1

  Load Region LR_IROM1 (Base: 0x00000000, Size: 0x00004d3c, Max: 0x00009000, ABSOLUTE, COMPRESSED[0x00004c40])

    Execution Region ER_IROM1 (Base: 0x00000000, Size: 0x00004980, Max: 0x00009000, ABSOLUTE)

    Base Addr    Size         Type   Attr      Idx    E Section Name        Object

    0x00000000   0x000000c0   Data   RO         1142    RESET               startup_hr8p506.o
    0x000000c0   0x00000008   Code   RO         2606  * !!!main             c_p.l(__main.o)
    0x000000c8   0x0000003c   Code   RO         2814    !!!scatter          c_p.l(__scatter.o)
    0x00000104   0x0000001a   Code   RO         2816    !!handler_copy      c_p.l(__scatter_copy.o)
    0x0000011e   0x00000002   PAD
    0x00000120   0x0000001c   Code   RO         2818    !!handler_zi        c_p.l(__scatter_zi.o)
    0x0000013c   0x00000002   Code   RO         2583    .ARM.Collect$$_printf_percent$$00000000  c_p.l(_printf_percent.o)
    0x0000013e   0x0000000a   Code   RO         2582    .ARM.Collect$$_printf_percent$$0000000A  c_p.l(_printf_u.o)
    0x00000148   0x0000000a   Code   RO         2580    .ARM.Collect$$_printf_percent$$00000013  c_p.l(_printf_c.o)
    0x00000152   0x0000000a   Code   RO         2581    .ARM.Collect$$_printf_percent$$00000014  c_p.l(_printf_s.o)
    0x0000015c   0x00000004   Code   RO         2636    .ARM.Collect$$_printf_percent$$00000017  c_p.l(_printf_percent_end.o)
    0x00000160   0x00000002   Code   RO         2679    .ARM.Collect$$libinit$$00000000  c_p.l(libinit.o)
    0x00000162   0x00000000   Code   RO         2695    .ARM.Collect$$libinit$$00000002  c_p.l(libinit2.o)
    0x00000162   0x00000000   Code   RO         2697    .ARM.Collect$$libinit$$00000004  c_p.l(libinit2.o)
    0x00000162   0x00000000   Code   RO         2700    .ARM.Collect$$libinit$$0000000A  c_p.l(libinit2.o)
    0x00000162   0x00000000   Code   RO         2702    .ARM.Collect$$libinit$$0000000C  c_p.l(libinit2.o)
    0x00000162   0x00000000   Code   RO         2704    .ARM.Collect$$libinit$$0000000E  c_p.l(libinit2.o)
    0x00000162   0x00000000   Code   RO         2707    .ARM.Collect$$libinit$$00000011  c_p.l(libinit2.o)
    0x00000162   0x00000000   Code   RO         2709    .ARM.Collect$$libinit$$00000013  c_p.l(libinit2.o)
    0x00000162   0x00000000   Code   RO         2711    .ARM.Collect$$libinit$$00000015  c_p.l(libinit2.o)
    0x00000162   0x00000000   Code   RO         2713    .ARM.Collect$$libinit$$00000017  c_p.l(libinit2.o)
    0x00000162   0x00000000   Code   RO         2715    .ARM.Collect$$libinit$$00000019  c_p.l(libinit2.o)
    0x00000162   0x00000000   Code   RO         2717    .ARM.Collect$$libinit$$0000001B  c_p.l(libinit2.o)
    0x00000162   0x00000000   Code   RO         2719    .ARM.Collect$$libinit$$0000001D  c_p.l(libinit2.o)
    0x00000162   0x00000000   Code   RO         2721    .ARM.Collect$$libinit$$0000001F  c_p.l(libinit2.o)
    0x00000162   0x00000000   Code   RO         2723    .ARM.Collect$$libinit$$00000021  c_p.l(libinit2.o)
    0x00000162   0x00000000   Code   RO         2725    .ARM.Collect$$libinit$$00000023  c_p.l(libinit2.o)
    0x00000162   0x00000000   Code   RO         2727    .ARM.Collect$$libinit$$00000025  c_p.l(libinit2.o)
    0x00000162   0x00000000   Code   RO         2731    .ARM.Collect$$libinit$$0000002C  c_p.l(libinit2.o)
    0x00000162   0x00000000   Code   RO         2733    .ARM.Collect$$libinit$$0000002E  c_p.l(libinit2.o)
    0x00000162   0x00000000   Code   RO         2735    .ARM.Collect$$libinit$$00000030  c_p.l(libinit2.o)
    0x00000162   0x00000000   Code   RO         2737    .ARM.Collect$$libinit$$00000032  c_p.l(libinit2.o)
    0x00000162   0x00000002   Code   RO         2738    .ARM.Collect$$libinit$$00000033  c_p.l(libinit2.o)
    0x00000164   0x00000002   Code   RO         2769    .ARM.Collect$$libshutdown$$00000000  c_p.l(libshutdown.o)
    0x00000166   0x00000000   Code   RO         2795    .ARM.Collect$$libshutdown$$00000002  c_p.l(libshutdown2.o)
    0x00000166   0x00000000   Code   RO         2797    .ARM.Collect$$libshutdown$$00000004  c_p.l(libshutdown2.o)
    0x00000166   0x00000000   Code   RO         2800    .ARM.Collect$$libshutdown$$00000007  c_p.l(libshutdown2.o)
    0x00000166   0x00000000   Code   RO         2803    .ARM.Collect$$libshutdown$$0000000A  c_p.l(libshutdown2.o)
    0x00000166   0x00000000   Code   RO         2805    .ARM.Collect$$libshutdown$$0000000C  c_p.l(libshutdown2.o)
    0x00000166   0x00000000   Code   RO         2808    .ARM.Collect$$libshutdown$$0000000F  c_p.l(libshutdown2.o)
    0x00000166   0x00000002   Code   RO         2809    .ARM.Collect$$libshutdown$$00000010  c_p.l(libshutdown2.o)
    0x00000168   0x00000000   Code   RO         2623    .ARM.Collect$$rtentry$$00000000  c_p.l(__rtentry.o)
    0x00000168   0x00000000   Code   RO         2643    .ARM.Collect$$rtentry$$00000002  c_p.l(__rtentry2.o)
    0x00000168   0x00000006   Code   RO         2655    .ARM.Collect$$rtentry$$00000004  c_p.l(__rtentry4.o)
    0x0000016e   0x00000000   Code   RO         2645    .ARM.Collect$$rtentry$$00000009  c_p.l(__rtentry2.o)
    0x0000016e   0x00000004   Code   RO         2646    .ARM.Collect$$rtentry$$0000000A  c_p.l(__rtentry2.o)
    0x00000172   0x00000000   Code   RO         2648    .ARM.Collect$$rtentry$$0000000C  c_p.l(__rtentry2.o)
    0x00000172   0x00000008   Code   RO         2649    .ARM.Collect$$rtentry$$0000000D  c_p.l(__rtentry2.o)
    0x0000017a   0x00000002   Code   RO         2686    .ARM.Collect$$rtexit$$00000000  c_p.l(rtexit.o)
    0x0000017c   0x00000000   Code   RO         2742    .ARM.Collect$$rtexit$$00000002  c_p.l(rtexit2.o)
    0x0000017c   0x00000004   Code   RO         2743    .ARM.Collect$$rtexit$$00000003  c_p.l(rtexit2.o)
    0x00000180   0x00000006   Code   RO         2744    .ARM.Collect$$rtexit$$00000004  c_p.l(rtexit2.o)
    0x00000186   0x00000002   PAD
    0x00000188   0x00000078   Code   RO         2471    .emb_text           port.o
    0x00000200   0x00000038   Code   RO         2590    .emb_text           c_p.l(rt_memcpy.o)
    0x00000238   0x000000f0   Code   RO         1143    .text               startup_hr8p506.o
    0x00000328   0x0000002c   Code   RO         2550    .text               c_p.l(__2sprintf.o)
    0x00000354   0x0000006c   Code   RO         2554    .text               c_p.l(__printf.o)
    0x000003c0   0x00000052   Code   RO         2556    .text               c_p.l(_printf_str.o)
    0x00000412   0x00000002   PAD
    0x00000414   0x0000006c   Code   RO         2558    .text               c_p.l(_printf_dec.o)
    0x00000480   0x00000028   Code   RO         2584    .text               c_p.l(strstr.o)
    0x000004a8   0x00000044   Code   RO         2586    .text               c_p.l(strlen.o)
    0x000004ec   0x00000018   Code   RO         2588    .text               c_p.l(strcat.o)
    0x00000504   0x00000082   Code   RO         2591    .text               c_p.l(rt_memcpy.o)
    0x00000586   0x00000012   Code   RO         2594    .text               c_p.l(aeabi_memset.o)
    0x00000598   0x00000040   Code   RO         2596    .text               c_p.l(rt_memclr.o)
    0x000005d8   0x0000006c   Code   RO         2598    .text               c_p.l(strncpy.o)
    0x00000644   0x0000015a   Code   RO         2600    .text               c_p.l(aeabi_sdiv.o)
    0x0000079e   0x00000006   Code   RO         2604    .text               c_p.l(heapauxi.o)
    0x000007a4   0x0000007c   Code   RO         2608    .text               fz_ps.l(d2f.o)
    0x00000820   0x00000054   Code   RO         2612    .text               fz_ps.l(f2d.o)
    0x00000874   0x00000160   Code   RO         2614    .text               fz_ps.l(fdiv.o)
    0x000009d4   0x00000030   Code   RO         2617    .text               fz_ps.l(ffixui.o)
    0x00000a04   0x0000005e   Code   RO         2619    .text               fz_ps.l(fflti.o)
    0x00000a62   0x000000b0   Code   RO         2628    .text               c_p.l(_printf_intcommon.o)
    0x00000b12   0x00000002   PAD
    0x00000b14   0x00000030   Code   RO         2630    .text               c_p.l(_printf_char_common.o)
    0x00000b44   0x0000000a   Code   RO         2632    .text               c_p.l(_sputc.o)
    0x00000b4e   0x0000002e   Code   RO         2634    .text               c_p.l(_printf_char.o)
    0x00000b7c   0x00000028   Code   RO         2637    .text               c_p.l(rtudiv10.o)
    0x00000ba4   0x00000090   Code   RO         2639    .text               fz_ps.l(dcmpin.o)
    0x00000c34   0x0000002e   Code   RO         2661    .text               fz_ps.l(cmpret.o)
    0x00000c62   0x00000002   PAD
    0x00000c64   0x00000014   Code   RO         2663    .text               fz_ps.l(dnan2.o)
    0x00000c78   0x0000003e   Code   RO         2665    .text               c_p.l(sys_stackheap_outer.o)
    0x00000cb6   0x00000010   Code   RO         2668    .text               c_p.l(exit.o)
    0x00000cc6   0x0000005e   Code   RO         2680    .text               fz_ps.l(retnan.o)
    0x00000d24   0x00000008   Code   RO         2682    .text               c_p.l(libspace.o)
    0x00000d2c   0x0000000c   Code   RO         2739    .text               c_p.l(sys_exit.o)
    0x00000d38   0x00000002   Code   RO         2758    .text               c_p.l(use_no_semi.o)
    0x00000d3a   0x00000000   Code   RO         2760    .text               c_p.l(indicate_semi.o)
    0x00000d3a   0x00000056   Code   RO         2812    .text               c_p.l(__dczerorl2.o)
    0x00000d90   0x0000000c   Ven    RO         2820    Veneer$$Code        anon$$obj.o
    0x00000d9c   0x0000000c   Ven    RO         2821    Veneer$$Code        anon$$obj.o
    0x00000da8   0x00000022   Code   RO         1151    i.BEE_init          main.o
    0x00000dca   0x000000fa   Code   RO          260    i.GPIO_GetNormalBitOffsetFromPin  lib_gpio.o
    0x00000ec4   0x00000068   Code   RO          261    i.GPIO_Init         lib_gpio.o
    0x00000f2c   0x00000068   Code   RO          265    i.GPIO_SetDSRegFromPin  lib_gpio.o
    0x00000f94   0x0000004c   Code   RO          266    i.GPIO_SetDirRegFromPin  lib_gpio.o
    0x00000fe0   0x00000578   Code   RO          267    i.GPIO_SetFuncxRegFromPin  lib_gpio.o
    0x00001558   0x00000068   Code   RO          268    i.GPIO_SetODERegFromPin  lib_gpio.o
    0x000015c0   0x00000068   Code   RO          269    i.GPIO_SetPDERegFromPin  lib_gpio.o
    0x00001628   0x00000068   Code   RO          270    i.GPIO_SetPUERegFromPin  lib_gpio.o
    0x00001690   0x00000068   Code   RO          271    i.GPIO_SetSingalTypeFromPin  lib_gpio.o
    0x000016f8   0x0000004c   Code   RO          273    i.GPIO_WriteBit     lib_gpio.o
    0x00001744   0x0000014c   Code   RO         1405    i.GSM_SMS_RCV       sim800c.o
    0x00001890   0x00000020   Code   RO         1406    i.GSM_TCPC_INIT     sim800c.o
    0x000018b0   0x000000ec   Code   RO         1407    i.GSM_TCP_Connect   sim800c.o
    0x0000199c   0x00000018   Code   RO         1152    i.HardWare_Init     main.o
    0x000019b4   0x00000064   Code   RO          444    i.NVIC_Init         lib_scs.o
    0x00001a18   0x0000003c   Code   RO         2473    i.SysTick_IRQHandler  port.o
    0x00001a54   0x0000003c   Code   RO            3    i.SystemInit        system_hr8p506.o
    0x00001a90   0x00000048   Code   RO         1470    i.T16N2_IRQHandler  tds.o
    0x00001ad8   0x00000004   Code   RO          576    i.T16Nx_ClearITPendingBit  lib_timer.o
    0x00001adc   0x0000000a   Code   RO          577    i.T16Nx_Disable     lib_timer.o
    0x00001ae6   0x0000000c   Code   RO          578    i.T16Nx_Enable      lib_timer.o
    0x00001af2   0x00000014   Code   RO          581    i.T16Nx_GetFlagStatus  lib_timer.o
    0x00001b06   0x00000002   PAD
    0x00001b08   0x00000038   Code   RO         1408    i.TCP_Connected     sim800c.o
    0x00001b40   0x000000b4   Code   RO         1409    i.TCP_Recieve       sim800c.o
    0x00001bf4   0x000000a4   Code   RO         1540    i.UART0Init         uart.o
    0x00001c98   0x0000001c   Code   RO         1542    i.UART0Putch        uart.o
    0x00001cb4   0x00000054   Code   RO         1543    i.UART0Write_Str    uart.o
    0x00001d08   0x0000012c   Code   RO         1544    i.UART0_IRQHandler  uart.o
    0x00001e34   0x00000094   Code   RO         1545    i.UART0_Recieve     uart.o
    0x00001ec8   0x00000084   Code   RO         1546    i.UART1Init         uart.o
    0x00001f4c   0x0000001c   Code   RO         1548    i.UART1Putch        uart.o
    0x00001f68   0x00000028   Code   RO         1549    i.UART1Write_Str    uart.o
    0x00001f90   0x00000010   Code   RO          993    i.UART_GetFlagStatus  lib_uart.o
    0x00001fa0   0x00000010   Code   RO          994    i.UART_GetITStatus  lib_uart.o
    0x00001fb0   0x00000014   Code   RO          996    i.UART_ITConfig     lib_uart.o
    0x00001fc4   0x00000168   Code   RO          997    i.UART_Init         lib_uart.o
    0x0000212c   0x00000014   Code   RO          998    i.UART_RBIMConfig   lib_uart.o
    0x00002140   0x00000010   Code   RO         1005    i.UART_TBIMConfig   lib_uart.o
    0x00002150   0x00000070   Code   RO         1106    i.WDT_Init          lib_wdt.o
    0x000021c0   0x0000001c   Code   RO          437    i.__ARM_common_switch8  lib_gpio.o
    0x000021dc   0x00000094   Code   RO         1550    i.check_ststus      uart.o
    0x00002270   0x00000018   Code   RO         1551    i.clear_RCV_Buffer  uart.o
    0x00002288   0x000000c8   Code   RO         1257    i.control_Function  msgbuild.o
    0x00002350   0x0000000c   Code   RO         1352    i.delay_nms         my_systick.o
    0x0000235c   0x00000002   Code   RO         1385    i.get_Flow          water_flow.o
    0x0000235e   0x00000002   PAD
    0x00002360   0x00000064   Code   RO         1471    i.get_Fre1          tds.o
    0x000023c4   0x00000080   Code   RO         1410    i.get_IMEI          sim800c.o
    0x00002444   0x00000094   Code   RO         1552    i.get_MSG           uart.o
    0x000024d8   0x0000006c   Code   RO         1553    i.get_NByte         uart.o
    0x00002544   0x000000fc   Code   RO         1473    i.get_TDS           tds.o
    0x00002640   0x00000014   Code   RO         1353    i.hard_Delaynms     my_systick.o
    0x00002654   0x00000018   Code   RO         1259    i.high_Pressure     msgbuild.o
    0x0000266c   0x00000018   Code   RO         1260    i.low_Pressure      msgbuild.o
    0x00002684   0x00000084   Code   RO         1153    i.main              main.o
    0x00002708   0x00000118   Code   RO         1261    i.msg_Build         msgbuild.o
    0x00002820   0x00000254   Code   RO         1262    i.msg_Deal          msgbuild.o
    0x00002a74   0x0000007c   Code   RO         2014    i.prvAddCurrentTaskToDelayedList  tasks.o
    0x00002af0   0x000000ac   Code   RO         2015    i.prvAddNewTaskToReadyList  tasks.o
    0x00002b9c   0x00000068   Code   RO         2351    i.prvCheckForValidListAndQueue  timers.o
    0x00002c04   0x00000068   Code   RO         2016    i.prvCheckTasksWaitingTermination  tasks.o
    0x00002c6c   0x0000002c   Code   RO         1816    i.prvCopyDataFromQueue  queue.o
    0x00002c98   0x00000080   Code   RO         1817    i.prvCopyDataToQueue  queue.o
    0x00002d18   0x00000012   Code   RO         2017    i.prvDeleteTCB      tasks.o
    0x00002d2a   0x00000002   PAD
    0x00002d2c   0x0000002c   Code   RO         2352    i.prvGetNextExpireTime  timers.o
    0x00002d58   0x00000018   Code   RO         2018    i.prvIdleTask       tasks.o
    0x00002d70   0x0000002c   Code   RO         1819    i.prvInitialiseNewQueue  queue.o
    0x00002d9c   0x000000b0   Code   RO         2019    i.prvInitialiseNewTask  tasks.o
    0x00002e4c   0x00000040   Code   RO         2353    i.prvInitialiseNewTimer  timers.o
    0x00002e8c   0x00000064   Code   RO         2020    i.prvInitialiseTaskLists  tasks.o
    0x00002ef0   0x00000054   Code   RO         2354    i.prvInsertTimerInActiveList  timers.o
    0x00002f44   0x0000001c   Code   RO         1820    i.prvIsQueueEmpty   queue.o
    0x00002f60   0x0000001e   Code   RO         1821    i.prvIsQueueFull    queue.o
    0x00002f7e   0x00000002   PAD
    0x00002f80   0x00000058   Code   RO         2355    i.prvProcessExpiredTimer  timers.o
    0x00002fd8   0x000000e4   Code   RO         2356    i.prvProcessReceivedCommands  timers.o
    0x000030bc   0x0000006c   Code   RO         2357    i.prvProcessTimerOrBlockTask  timers.o
    0x00003128   0x00000038   Code   RO         2022    i.prvResetNextTaskUnblockTime  tasks.o
    0x00003160   0x0000002c   Code   RO         2358    i.prvSampleTimeNow  timers.o
    0x0000318c   0x00000024   Code   RO         2474    i.prvSetupTimerInterrupt  port.o
    0x000031b0   0x00000090   Code   RO         2359    i.prvSwitchTimerLists  timers.o
    0x00003240   0x00000024   Code   RO         2475    i.prvTaskExitError  port.o
    0x00003264   0x0000001a   Code   RO         2360    i.prvTimerTask      timers.o
    0x0000327e   0x0000008e   Code   RO         1822    i.prvUnlockQueue    queue.o
    0x0000330c   0x00000074   Code   RO         1746    i.pvPortMalloc      heap_1.o
    0x00003380   0x00000020   Code   RO         2025    i.pvTaskIncrementMutexHeldCount  tasks.o
    0x000033a0   0x00000020   Code   RO         2476    i.pxPortInitialiseStack  port.o
    0x000033c0   0x00000028   Code   RO         1154    i.read_All_Flash    main.o
    0x000033e8   0x00000054   Code   RO         1155    i.reset             main.o
    0x0000343c   0x000000a4   Code   RO         1264    i.runApplication    msgbuild.o
    0x000034e0   0x0000000c   Code   RO         1475    i.set_TDSOFF        tds.o
    0x000034ec   0x00000184   Code   RO         1412    i.sim800c_init      sim800c.o
    0x00003670   0x00000024   Code   RO         1476    i.tds_Init          tds.o
    0x00003694   0x00000040   Code   RO         1265    i.type_Flow         msgbuild.o
    0x000036d4   0x00000040   Code   RO         1266    i.type_Time         msgbuild.o
    0x00003714   0x00000028   Code   RO         1779    i.uxListRemove      list.o
    0x0000373c   0x00000054   Code   RO         1156    i.vAPPTask          main.o
    0x00003790   0x0000001a   Code   RO         1780    i.vListInitialise   list.o
    0x000037aa   0x00000006   Code   RO         1781    i.vListInitialiseItem  list.o
    0x000037b0   0x00000036   Code   RO         1782    i.vListInsert       list.o
    0x000037e6   0x00000018   Code   RO         1783    i.vListInsertEnd    list.o
    0x000037fe   0x00000002   PAD
    0x00003800   0x0000001c   Code   RO         2478    i.vPortEnterCritical  port.o
    0x0000381c   0x00000028   Code   RO         2479    i.vPortExitCritical  port.o
    0x00003844   0x00000016   Code   RO         1747    i.vPortFree         heap_1.o
    0x0000385a   0x00000002   PAD
    0x0000385c   0x00000018   Code   RO         2480    i.vPortYield        port.o
    0x00003874   0x0000002c   Code   RO         1828    i.vQueueAddToRegistry  queue.o
    0x000038a0   0x0000004c   Code   RO         1832    i.vQueueWaitForMessageRestricted  queue.o
    0x000038ec   0x000000d4   Code   RO         1157    i.vTCPTask          main.o
    0x000039c0   0x00000044   Code   RO         2033    i.vTaskDelay        tasks.o
    0x00003a04   0x0000000c   Code   RO         2038    i.vTaskMissedYield  tasks.o
    0x00003a10   0x0000002c   Code   RO         2040    i.vTaskPlaceOnEventList  tasks.o
    0x00003a3c   0x00000034   Code   RO         2041    i.vTaskPlaceOnEventListRestricted  tasks.o
    0x00003a70   0x0000008c   Code   RO         2043    i.vTaskPriorityInherit  tasks.o
    0x00003afc   0x00000020   Code   RO         2047    i.vTaskSetTimeOutState  tasks.o
    0x00003b1c   0x00000078   Code   RO         2048    i.vTaskStartScheduler  tasks.o
    0x00003b94   0x00000010   Code   RO         2050    i.vTaskSuspendAll   tasks.o
    0x00003ba4   0x00000080   Code   RO         2051    i.vTaskSwitchContext  tasks.o
    0x00003c24   0x00000058   Code   RO         1158    i.vTimTask          main.o
    0x00003c7c   0x00000090   Code   RO         1159    i.vTimerCallback    main.o
    0x00003d0c   0x00000034   Code   RO         1160    i.vWDTTask          main.o
    0x00003d40   0x00000042   Code   RO         1267    i.valve_Init        msgbuild.o
    0x00003d82   0x00000054   Code   RO         1268    i.valve_OFF         msgbuild.o
    0x00003dd6   0x00000054   Code   RO         1269    i.valve_ON          msgbuild.o
    0x00003e2a   0x00000002   PAD
    0x00003e2c   0x00000038   Code   RO         2481    i.xPortStartScheduler  port.o
    0x00003e64   0x00000050   Code   RO         1835    i.xQueueGenericCreate  queue.o
    0x00003eb4   0x0000018c   Code   RO         1836    i.xQueueGenericReceive  queue.o
    0x00004040   0x00000082   Code   RO         1837    i.xQueueGenericReset  queue.o
    0x000040c2   0x0000015a   Code   RO         1838    i.xQueueGenericSend  queue.o
    0x0000421c   0x000000bc   Code   RO         1839    i.xQueueGenericSendFromISR  queue.o
    0x000042d8   0x00000074   Code   RO         2052    i.xTaskCheckForTimeOut  tasks.o
    0x0000434c   0x0000005c   Code   RO         2053    i.xTaskCreate       tasks.o
    0x000043a8   0x00000024   Code   RO         2057    i.xTaskGetSchedulerState  tasks.o
    0x000043cc   0x0000000c   Code   RO         2058    i.xTaskGetTickCount  tasks.o
    0x000043d8   0x0000013c   Code   RO         2060    i.xTaskIncrementTick  tasks.o
    0x00004514   0x00000088   Code   RO         2063    i.xTaskPriorityDisinherit  tasks.o
    0x0000459c   0x00000088   Code   RO         2064    i.xTaskRemoveFromEventList  tasks.o
    0x00004624   0x000000f0   Code   RO         2066    i.xTaskResumeAll    tasks.o
    0x00004714   0x0000002c   Code   RO         2363    i.xTimerCreate      timers.o
    0x00004740   0x00000048   Code   RO         2364    i.xTimerCreateTimerTask  timers.o
    0x00004788   0x00000074   Code   RO         2365    i.xTimerGenericCommand  timers.o
    0x000047fc   0x00000064   Code   RO         2610    x$fpl$dleqf         fz_ps.l(dlef.o)
    0x00004860   0x000000b0   Code   RO         2621    x$fpl$fmul          fz_ps.l(fmul.o)
    0x00004910   0x00000000   Code   RO         2641    x$fpl$usenofp       fz_ps.l(usenofp.o)
    0x00004910   0x00000040   Data   RO         2615    .constdata          fz_ps.l(fdiv.o)
    0x00004950   0x00000030   Data   RO         2810    Region$$Table       anon$$obj.o


    Execution Region RW_IRAM1 (Base: 0x20000000, Size: 0x000018a0, Max: 0x00002000, ABSOLUTE, COMPRESSED[0x000000a8])

    Base Addr    Size         Type   Attr      Idx    E Section Name        Object

    0x20000000   0x0000000c   Ven    RO         2822    Veneer$$Code        anon$$obj.o
    0x2000000c   0x0000000c   Ven    RO         2823    Veneer$$Code        anon$$obj.o
    0x20000018   0x0000002a   Code   RO          104    i.IAP_Read          lib_flashiap.o
    0x20000042   0x00000002   PAD
    0x20000044   0x00000054   Code   RO          105    i.IAP_Unlock        lib_flashiap.o
    0x20000098   0x000000a0   Code   RO          106    i.IAP_WriteCont     lib_flashiap.o
    0x20000138   0x00000044   Code   RO          107    i.IAP_WriteEnd      lib_flashiap.o
    0x2000017c   0x00000050   Code   RO          108    i.IAP_WriteWord     lib_flashiap.o
    0x200001cc   0x00000044   Code   RO          109    i.Save_To_EPROM     lib_flashiap.o
    0x20000210   0x00000006   Code   RO          110    i.__set_PRIMASK     lib_flashiap.o
    0x20000216   0x00000002   PAD
    0x20000218   0x00000004   Data   RW            4    .data               system_hr8p506.o
    0x2000021c   0x00000034   Data   RW         1164    .data               main.o
    0x20000250   0x0000000d   Data   RW         1270    .data               msgbuild.o
    0x2000025d   0x00000003   PAD
    0x20000260   0x00000004   Data   RW         1354    .data               my_systick.o
    0x20000264   0x000000d2   Data   RW         1413    .data               sim800c.o
    0x20000336   0x00000002   PAD
    0x20000338   0x00000019   Data   RW         1478    .data               tds.o
    0x20000351   0x0000000a   Data   RW         1556    .data               uart.o
    0x2000035b   0x00000001   PAD
    0x2000035c   0x00000008   Data   RW         1751    .data               heap_1.o
    0x20000364   0x0000003c   Data   RW         2069    .data               tasks.o
    0x200003a0   0x00000014   Data   RW         2371    .data               timers.o
    0x200003b4   0x00000005   Data   RW         2482    .data               port.o
    0x200003b9   0x00000003   PAD
    0x200003bc   0x00000050   Zero   RW         1162    .bss                main.o
    0x2000040c   0x00000154   Zero   RW         1555    .bss                uart.o
    0x20000560   0x00000dac   Zero   RW         1750    .bss                heap_1.o
    0x2000130c   0x00000040   Zero   RW         1847    .bss                queue.o
    0x2000134c   0x000000c8   Zero   RW         2068    .bss                tasks.o
    0x20001414   0x00000028   Zero   RW         2370    .bss                timers.o
    0x2000143c   0x00000060   Zero   RW         2683    .bss                c_p.l(libspace.o)
    0x2000149c   0x00000004   PAD
    0x200014a0   0x00000000   Zero   RW         1141    HEAP                startup_hr8p506.o
    0x200014a0   0x00000400   Zero   RW         1140    STACK               startup_hr8p506.o


==============================================================================

Image component sizes


      Code (inc. data)   RO Data    RW Data    ZI Data      Debug   Object Name

         0          0          0          0          0       1444   event_groups.o
       138         16          0          8       3500       1787   heap_1.o
       508         36          0          0          0      27559   lib_flashiap.o
      2454        150          0          0          0       6918   lib_gpio.o
       100          6          0          0          0        628   lib_scs.o
        46          0          0          0          0       2363   lib_timer.o
       448         10          0          0          0       3728   lib_uart.o
       112          8          0          0          0        859   lib_wdt.o
       150          0          0          0          0       2918   list.o
       894        160          0         52         80       6985   main.o
      1650        218          0         13          0       6982   msgbuild.o
        32          4          0          4          0       1452   my_systick.o
       432         64          0          5          0       5515   port.o
      1676          4          0          0         64      12305   queue.o
      1352        312          0        210          0       5392   sim800c.o
       240         82        192          0       1024        804   startup_hr8p506.o
        60         12          0          4          0      60307   system_hr8p506.o
      2502        348          0         60        200      19741   tasks.o
       472         60          0         25          0       3493   tds.o
      1166        112          0         20         40      10226   timers.o
      1352        212          0         10        340       8045   uart.o
         2          0          0          0          0        443   water_flow.o

    ----------------------------------------------------------------------
     15852       1830        240        420       5248     189894   Object Totals
        48         16         48          0          0          0   (incl. Generated)
        18          0          0          9          0          0   (incl. Padding)

    ----------------------------------------------------------------------

      Code (inc. data)   RO Data    RW Data    ZI Data      Debug   Library Member Name

        44          4          0          0          0         84   __2sprintf.o
        86          0          0          0          0          0   __dczerorl2.o
         8          0          0          0          0         68   __main.o
       108          0          0          0          0         76   __printf.o
         0          0          0          0          0          0   __rtentry.o
        12          0          0          0          0          0   __rtentry2.o
         6          0          0          0          0          0   __rtentry4.o
        60          8          0          0          0          0   __scatter.o
        26          0          0          0          0          0   __scatter_copy.o
        28          0          0          0          0          0   __scatter_zi.o
        10          0          0          0          0          0   _printf_c.o
        46          0          0          0          0        100   _printf_char.o
        48          6          0          0          0         88   _printf_char_common.o
       108         18          0          0          0         76   _printf_dec.o
       176          0          0          0          0         84   _printf_intcommon.o
         2          0          0          0          0          0   _printf_percent.o
         4          0          0          0          0          0   _printf_percent_end.o
        10          0          0          0          0          0   _printf_s.o
        82          0          0          0          0         72   _printf_str.o
        10          0          0          0          0          0   _printf_u.o
        10          0          0          0          0         60   _sputc.o
        18          0          0          0          0         68   aeabi_memset.o
       346          0          0          0          0         92   aeabi_sdiv.o
        16          0          0          0          0         68   exit.o
         6          0          0          0          0        136   heapauxi.o
         0          0          0          0          0          0   indicate_semi.o
         2          0          0          0          0          0   libinit.o
         2          0          0          0          0          0   libinit2.o
         2          0          0          0          0          0   libshutdown.o
         2          0          0          0          0          0   libshutdown2.o
         8          4          0          0         96         68   libspace.o
        64          0          0          0          0        108   rt_memclr.o
       186          0          0          0          0        144   rt_memcpy.o
         2          0          0          0          0          0   rtexit.o
        10          0          0          0          0          0   rtexit2.o
        40          0          0          0          0         60   rtudiv10.o
        24          0          0          0          0         60   strcat.o
        68          6          0          0          0         72   strlen.o
       108          4          0          0          0         76   strncpy.o
        40          0          0          0          0         72   strstr.o
        12          4          0          0          0         60   sys_exit.o
        62          0          0          0          0         80   sys_stackheap_outer.o
         2          0          0          0          0         68   use_no_semi.o
        46          0          0          0          0         60   cmpret.o
       124          4          0          0          0         72   d2f.o
       144          4          0          0          0         76   dcmpin.o
       100          4          0          0          0         92   dlef.o
        20          6          0          0          0         68   dnan2.o
        84          4          0          0          0         60   f2d.o
       352         10         64          0          0         92   fdiv.o
        48          0          0          0          0         60   ffixui.o
        94          0          0          0          0         92   fflti.o
       176          4          0          0          0         80   fmul.o
        94          0          0          0          0         68   retnan.o
         0          0          0          0          0          0   usenofp.o

    ----------------------------------------------------------------------
      3196         90         64          0        100       2760   Library Totals
        10          0          0          0          4          0   (incl. Padding)

    ----------------------------------------------------------------------

      Code (inc. data)   RO Data    RW Data    ZI Data      Debug   Library Name

      1904         54          0          0         96       1940   c_p.l
      1282         36         64          0          0        820   fz_ps.l

    ----------------------------------------------------------------------
      3196         90         64          0        100       2760   Library Totals

    ----------------------------------------------------------------------

==============================================================================


      Code (inc. data)   RO Data    RW Data    ZI Data      Debug   

     19048       1920        304        420       5348     185070   Grand Totals
     19048       1920        304        168       5348     185070   ELF Image Totals (compressed)
     19048       1920        304        168          0          0   ROM Totals

==============================================================================

    Total RO  Size (Code + RO Data)                19352 (  18.90kB)
    Total RW  Size (RW Data + ZI Data)              5768 (   5.63kB)
    Total ROM Size (Code + RO Data + RW Data)      19520 (  19.06kB)

==============================================================================

